ARM GAS  C:\Users\ryan\AppData\Local\Temp\ccBsSE1d.s 			page 1


   1              		.syntax unified
   2              		.cpu cortex-m0
   3              		.fpu softvfp
   4              		.eabi_attribute 20, 1
   5              		.eabi_attribute 21, 1
   6              		.eabi_attribute 23, 3
   7              		.eabi_attribute 24, 1
   8              		.eabi_attribute 25, 1
   9              		.eabi_attribute 26, 1
  10              		.eabi_attribute 30, 6
  11              		.eabi_attribute 34, 0
  12              		.eabi_attribute 18, 4
  13              		.thumb
  14              		.syntax unified
  15              		.file	"binary.c"
  16              		.text
  17              	.Ltext0:
  18              		.cfi_sections	.debug_frame
  19              		.section	.text.blink_zero,"ax",%progbits
  20              		.align	2
  21              		.global	blink_zero
  22              		.code	16
  23              		.thumb_func
  24              		.type	blink_zero, %function
  25              	blink_zero:
  26              	.LFB32:
  27              		.file 1 "binary.c"
   1:binary.c      **** /* ========================================
   2:binary.c      ****  *
   3:binary.c      ****  * Copyright Nullify, 2016
   4:binary.c      ****  * All Rights Reserved
   5:binary.c      ****  * UNPUBLISHED, LICENSED SOFTWARE.
   6:binary.c      ****  *
   7:binary.c      ****  * CONFIDENTIAL AND PROPRIETARY INFORMATION
   8:binary.c      ****  * WHICH IS THE PROPERTY OF NULLIY.
   9:binary.c      ****  *
  10:binary.c      ****  * ========================================
  11:binary.c      **** */
  12:binary.c      **** #include <project.h>
  13:binary.c      **** #include <string.h>
  14:binary.c      **** #include "lightlib.h"
  15:binary.c      **** #include "binary.h"
  16:binary.c      **** #include "state.h"
  17:binary.c      **** 
  18:binary.c      **** void blink_zero(void) {
  28              		.loc 1 18 0
  29              		.cfi_startproc
  30              		@ args = 0, pretend = 0, frame = 0
  31              		@ frame_needed = 1, uses_anonymous_args = 0
  32 0000 80B5     		push	{r7, lr}
  33              		.cfi_def_cfa_offset 8
  34              		.cfi_offset 7, -8
  35              		.cfi_offset 14, -4
  36 0002 00AF     		add	r7, sp, #0
  37              		.cfi_def_cfa_register 7
  19:binary.c      ****     /* Verify state */
  20:binary.c      ****     if(!verify_state(BINARY)) {
ARM GAS  C:\Users\ryan\AppData\Local\Temp\ccBsSE1d.s 			page 2


  38              		.loc 1 20 0
  39 0004 0220     		movs	r0, #2
  40 0006 FFF7FEFF 		bl	verify_state
  41 000a 031E     		subs	r3, r0, #0
  42 000c 10D0     		beq	.L4
  21:binary.c      ****         return;
  22:binary.c      ****     }
  23:binary.c      ****     turn_on(LEFT_LED);
  43              		.loc 1 23 0
  44 000e 0120     		movs	r0, #1
  45 0010 FFF7FEFF 		bl	turn_on
  24:binary.c      ****     CyDelay(BLINK_DELAY_ON);
  46              		.loc 1 24 0
  47 0014 FA23     		movs	r3, #250
  48 0016 5B00     		lsls	r3, r3, #1
  49 0018 1800     		movs	r0, r3
  50 001a FFF7FEFF 		bl	CyDelay
  25:binary.c      ****     turn_off(LEFT_LED);
  51              		.loc 1 25 0
  52 001e 0120     		movs	r0, #1
  53 0020 FFF7FEFF 		bl	turn_off
  26:binary.c      ****     CyDelay(BLINK_DELAY_OFF);
  54              		.loc 1 26 0
  55 0024 FA23     		movs	r3, #250
  56 0026 5B00     		lsls	r3, r3, #1
  57 0028 1800     		movs	r0, r3
  58 002a FFF7FEFF 		bl	CyDelay
  59 002e 00E0     		b	.L1
  60              	.L4:
  21:binary.c      ****     }
  61              		.loc 1 21 0
  62 0030 C046     		nop
  63              	.L1:
  27:binary.c      **** }
  64              		.loc 1 27 0
  65 0032 BD46     		mov	sp, r7
  66              		@ sp needed
  67 0034 80BD     		pop	{r7, pc}
  68              		.cfi_endproc
  69              	.LFE32:
  70              		.size	blink_zero, .-blink_zero
  71 0036 C046     		.section	.text.blink_one,"ax",%progbits
  72              		.align	2
  73              		.global	blink_one
  74              		.code	16
  75              		.thumb_func
  76              		.type	blink_one, %function
  77              	blink_one:
  78              	.LFB33:
  28:binary.c      **** 
  29:binary.c      **** void blink_one(void) {
  79              		.loc 1 29 0
  80              		.cfi_startproc
  81              		@ args = 0, pretend = 0, frame = 0
  82              		@ frame_needed = 1, uses_anonymous_args = 0
  83 0000 80B5     		push	{r7, lr}
  84              		.cfi_def_cfa_offset 8
ARM GAS  C:\Users\ryan\AppData\Local\Temp\ccBsSE1d.s 			page 3


  85              		.cfi_offset 7, -8
  86              		.cfi_offset 14, -4
  87 0002 00AF     		add	r7, sp, #0
  88              		.cfi_def_cfa_register 7
  30:binary.c      ****     /* Verify state */
  31:binary.c      ****     if(!verify_state(BINARY)) {
  89              		.loc 1 31 0
  90 0004 0220     		movs	r0, #2
  91 0006 FFF7FEFF 		bl	verify_state
  92 000a 031E     		subs	r3, r0, #0
  93 000c 10D0     		beq	.L8
  32:binary.c      ****         return;
  33:binary.c      ****     }
  34:binary.c      ****     turn_on(RIGHT_LED);
  94              		.loc 1 34 0
  95 000e 0220     		movs	r0, #2
  96 0010 FFF7FEFF 		bl	turn_on
  35:binary.c      ****     CyDelay(BLINK_DELAY_ON);
  97              		.loc 1 35 0
  98 0014 FA23     		movs	r3, #250
  99 0016 5B00     		lsls	r3, r3, #1
 100 0018 1800     		movs	r0, r3
 101 001a FFF7FEFF 		bl	CyDelay
  36:binary.c      ****     turn_off(RIGHT_LED);
 102              		.loc 1 36 0
 103 001e 0220     		movs	r0, #2
 104 0020 FFF7FEFF 		bl	turn_off
  37:binary.c      ****     CyDelay(BLINK_DELAY_OFF);
 105              		.loc 1 37 0
 106 0024 FA23     		movs	r3, #250
 107 0026 5B00     		lsls	r3, r3, #1
 108 0028 1800     		movs	r0, r3
 109 002a FFF7FEFF 		bl	CyDelay
 110 002e 00E0     		b	.L5
 111              	.L8:
  32:binary.c      ****     }
 112              		.loc 1 32 0
 113 0030 C046     		nop
 114              	.L5:
  38:binary.c      **** }
 115              		.loc 1 38 0
 116 0032 BD46     		mov	sp, r7
 117              		@ sp needed
 118 0034 80BD     		pop	{r7, pc}
 119              		.cfi_endproc
 120              	.LFE33:
 121              		.size	blink_one, .-blink_one
 122 0036 C046     		.section	.text.binary_encode,"ax",%progbits
 123              		.align	2
 124              		.global	binary_encode
 125              		.code	16
 126              		.thumb_func
 127              		.type	binary_encode, %function
 128              	binary_encode:
 129              	.LFB34:
  39:binary.c      **** 
  40:binary.c      **** void binary_encode(char c){
ARM GAS  C:\Users\ryan\AppData\Local\Temp\ccBsSE1d.s 			page 4


 130              		.loc 1 40 0
 131              		.cfi_startproc
 132              		@ args = 0, pretend = 0, frame = 8
 133              		@ frame_needed = 1, uses_anonymous_args = 0
 134 0000 80B5     		push	{r7, lr}
 135              		.cfi_def_cfa_offset 8
 136              		.cfi_offset 7, -8
 137              		.cfi_offset 14, -4
 138 0002 82B0     		sub	sp, sp, #8
 139              		.cfi_def_cfa_offset 16
 140 0004 00AF     		add	r7, sp, #0
 141              		.cfi_def_cfa_register 7
 142 0006 0200     		movs	r2, r0
 143 0008 FB1D     		adds	r3, r7, #7
 144 000a 1A70     		strb	r2, [r3]
  41:binary.c      ****     /* Verify state */
  42:binary.c      ****     if(!verify_state(BINARY)) {
 145              		.loc 1 42 0
 146 000c 0220     		movs	r0, #2
 147 000e FFF7FEFF 		bl	verify_state
 148 0012 031E     		subs	r3, r0, #0
 149 0014 00D1     		bne	.LCB101
 150 0016 71E2     		b	.L50	@long jump
 151              	.LCB101:
  43:binary.c      ****        return;
  44:binary.c      ****     }
  45:binary.c      ****     switch(c) {
 152              		.loc 1 45 0
 153 0018 FB1D     		adds	r3, r7, #7
 154 001a 1B78     		ldrb	r3, [r3]
 155 001c 0A3B     		subs	r3, r3, #10
 156 001e 702B     		cmp	r3, #112
 157 0020 00D9     		bls	.LCB106
 158 0022 6CE2     		b	.L9	@long jump
 159              	.LCB106:
 160 0024 9A00     		lsls	r2, r3, #2
 161 0026 F04B     		ldr	r3, .L51
 162 0028 D318     		adds	r3, r2, r3
 163 002a 1B68     		ldr	r3, [r3]
 164 002c 9F46     		mov	pc, r3
 165              		.section	.rodata
 166              		.align	2
 167              	.L13:
 168 0000 FE040000 		.word	.L9
 169 0004 FE040000 		.word	.L9
 170 0008 FE040000 		.word	.L9
 171 000c FE040000 		.word	.L9
 172 0010 FE040000 		.word	.L9
 173 0014 FE040000 		.word	.L9
 174 0018 FE040000 		.word	.L9
 175 001c FE040000 		.word	.L9
 176 0020 FE040000 		.word	.L9
 177 0024 FE040000 		.word	.L9
 178 0028 FE040000 		.word	.L9
 179 002c FE040000 		.word	.L9
 180 0030 FE040000 		.word	.L9
 181 0034 FE040000 		.word	.L9
ARM GAS  C:\Users\ryan\AppData\Local\Temp\ccBsSE1d.s 			page 5


 182 0038 FE040000 		.word	.L9
 183 003c FE040000 		.word	.L9
 184 0040 FE040000 		.word	.L9
 185 0044 FE040000 		.word	.L9
 186 0048 FE040000 		.word	.L9
 187 004c FE040000 		.word	.L9
 188 0050 FE040000 		.word	.L9
 189 0054 FE040000 		.word	.L9
 190 0058 FE040000 		.word	.L9
 191 005c FE040000 		.word	.L9
 192 0060 FE040000 		.word	.L9
 193 0064 FE040000 		.word	.L9
 194 0068 FE040000 		.word	.L9
 195 006c FE040000 		.word	.L9
 196 0070 FE040000 		.word	.L9
 197 0074 FE040000 		.word	.L9
 198 0078 FE040000 		.word	.L9
 199 007c FE040000 		.word	.L9
 200 0080 FE040000 		.word	.L9
 201 0084 FE040000 		.word	.L9
 202 0088 FE040000 		.word	.L9
 203 008c FE040000 		.word	.L9
 204 0090 FE040000 		.word	.L9
 205 0094 FE040000 		.word	.L9
 206 0098 A2030000 		.word	.L14
 207 009c C4030000 		.word	.L15
 208 00a0 EC030000 		.word	.L16
 209 00a4 0E040000 		.word	.L17
 210 00a8 30040000 		.word	.L18
 211 00ac 52040000 		.word	.L19
 212 00b0 74040000 		.word	.L20
 213 00b4 96040000 		.word	.L21
 214 00b8 B8040000 		.word	.L22
 215 00bc DA040000 		.word	.L23
 216 00c0 FE040000 		.word	.L9
 217 00c4 FE040000 		.word	.L9
 218 00c8 FE040000 		.word	.L9
 219 00cc FE040000 		.word	.L9
 220 00d0 FE040000 		.word	.L9
 221 00d4 FE040000 		.word	.L9
 222 00d8 FE040000 		.word	.L9
 223 00dc 2E000000 		.word	.L24
 224 00e0 50000000 		.word	.L25
 225 00e4 72000000 		.word	.L26
 226 00e8 94000000 		.word	.L27
 227 00ec B6000000 		.word	.L28
 228 00f0 D8000000 		.word	.L29
 229 00f4 FA000000 		.word	.L30
 230 00f8 1C010000 		.word	.L31
 231 00fc 3E010000 		.word	.L32
 232 0100 60010000 		.word	.L33
 233 0104 82010000 		.word	.L34
 234 0108 A4010000 		.word	.L35
 235 010c C6010000 		.word	.L36
 236 0110 E8010000 		.word	.L37
 237 0114 0A020000 		.word	.L38
 238 0118 2C020000 		.word	.L39
ARM GAS  C:\Users\ryan\AppData\Local\Temp\ccBsSE1d.s 			page 6


 239 011c 4E020000 		.word	.L40
 240 0120 70020000 		.word	.L41
 241 0124 92020000 		.word	.L42
 242 0128 B4020000 		.word	.L43
 243 012c D6020000 		.word	.L44
 244 0130 F8020000 		.word	.L45
 245 0134 1A030000 		.word	.L46
 246 0138 3C030000 		.word	.L47
 247 013c 5E030000 		.word	.L48
 248 0140 80030000 		.word	.L49
 249 0144 FE040000 		.word	.L9
 250 0148 FE040000 		.word	.L9
 251 014c FE040000 		.word	.L9
 252 0150 FE040000 		.word	.L9
 253 0154 FE040000 		.word	.L9
 254 0158 FE040000 		.word	.L9
 255 015c 2E000000 		.word	.L24
 256 0160 50000000 		.word	.L25
 257 0164 72000000 		.word	.L26
 258 0168 94000000 		.word	.L27
 259 016c B6000000 		.word	.L28
 260 0170 D8000000 		.word	.L29
 261 0174 FA000000 		.word	.L30
 262 0178 1C010000 		.word	.L31
 263 017c 3E010000 		.word	.L32
 264 0180 60010000 		.word	.L33
 265 0184 82010000 		.word	.L34
 266 0188 A4010000 		.word	.L35
 267 018c C6010000 		.word	.L36
 268 0190 E8010000 		.word	.L37
 269 0194 0A020000 		.word	.L38
 270 0198 2C020000 		.word	.L39
 271 019c 4E020000 		.word	.L40
 272 01a0 70020000 		.word	.L41
 273 01a4 92020000 		.word	.L42
 274 01a8 B4020000 		.word	.L43
 275 01ac D6020000 		.word	.L44
 276 01b0 F8020000 		.word	.L45
 277 01b4 1A030000 		.word	.L46
 278 01b8 3C030000 		.word	.L47
 279 01bc 5E030000 		.word	.L48
 280 01c0 80030000 		.word	.L49
 281              		.section	.text.binary_encode
 282              	.L24:
  46:binary.c      ****       case 'A':
  47:binary.c      ****       case 'a':
  48:binary.c      ****         blink_zero();
 283              		.loc 1 48 0
 284 002e FFF7FEFF 		bl	blink_zero
  49:binary.c      ****         blink_one();
 285              		.loc 1 49 0
 286 0032 FFF7FEFF 		bl	blink_one
  50:binary.c      ****         blink_zero();
 287              		.loc 1 50 0
 288 0036 FFF7FEFF 		bl	blink_zero
  51:binary.c      ****         blink_zero();
 289              		.loc 1 51 0
ARM GAS  C:\Users\ryan\AppData\Local\Temp\ccBsSE1d.s 			page 7


 290 003a FFF7FEFF 		bl	blink_zero
  52:binary.c      ****         blink_zero();
 291              		.loc 1 52 0
 292 003e FFF7FEFF 		bl	blink_zero
  53:binary.c      ****         blink_zero();
 293              		.loc 1 53 0
 294 0042 FFF7FEFF 		bl	blink_zero
  54:binary.c      ****         blink_zero();
 295              		.loc 1 54 0
 296 0046 FFF7FEFF 		bl	blink_zero
  55:binary.c      ****         blink_one();
 297              		.loc 1 55 0
 298 004a FFF7FEFF 		bl	blink_one
  56:binary.c      ****         break;
 299              		.loc 1 56 0
 300 004e 56E2     		b	.L9
 301              	.L25:
  57:binary.c      ****       case 'B':
  58:binary.c      ****       case 'b':
  59:binary.c      ****         blink_zero();
 302              		.loc 1 59 0
 303 0050 FFF7FEFF 		bl	blink_zero
  60:binary.c      ****         blink_one();
 304              		.loc 1 60 0
 305 0054 FFF7FEFF 		bl	blink_one
  61:binary.c      ****         blink_zero();
 306              		.loc 1 61 0
 307 0058 FFF7FEFF 		bl	blink_zero
  62:binary.c      ****         blink_zero();
 308              		.loc 1 62 0
 309 005c FFF7FEFF 		bl	blink_zero
  63:binary.c      ****         blink_zero();
 310              		.loc 1 63 0
 311 0060 FFF7FEFF 		bl	blink_zero
  64:binary.c      ****         blink_zero();
 312              		.loc 1 64 0
 313 0064 FFF7FEFF 		bl	blink_zero
  65:binary.c      ****         blink_one();
 314              		.loc 1 65 0
 315 0068 FFF7FEFF 		bl	blink_one
  66:binary.c      ****         blink_zero();
 316              		.loc 1 66 0
 317 006c FFF7FEFF 		bl	blink_zero
  67:binary.c      ****         break;
 318              		.loc 1 67 0
 319 0070 45E2     		b	.L9
 320              	.L26:
  68:binary.c      ****       case 'C':
  69:binary.c      ****       case 'c':
  70:binary.c      ****         blink_zero();
 321              		.loc 1 70 0
 322 0072 FFF7FEFF 		bl	blink_zero
  71:binary.c      ****         blink_one();
 323              		.loc 1 71 0
 324 0076 FFF7FEFF 		bl	blink_one
  72:binary.c      ****         blink_zero();
 325              		.loc 1 72 0
ARM GAS  C:\Users\ryan\AppData\Local\Temp\ccBsSE1d.s 			page 8


 326 007a FFF7FEFF 		bl	blink_zero
  73:binary.c      ****         blink_zero();
 327              		.loc 1 73 0
 328 007e FFF7FEFF 		bl	blink_zero
  74:binary.c      ****         blink_zero();
 329              		.loc 1 74 0
 330 0082 FFF7FEFF 		bl	blink_zero
  75:binary.c      ****         blink_zero();
 331              		.loc 1 75 0
 332 0086 FFF7FEFF 		bl	blink_zero
  76:binary.c      ****         blink_one();
 333              		.loc 1 76 0
 334 008a FFF7FEFF 		bl	blink_one
  77:binary.c      ****         blink_one();
 335              		.loc 1 77 0
 336 008e FFF7FEFF 		bl	blink_one
  78:binary.c      ****         break;
 337              		.loc 1 78 0
 338 0092 34E2     		b	.L9
 339              	.L27:
  79:binary.c      ****       case 'D':
  80:binary.c      ****       case 'd':
  81:binary.c      ****         blink_zero();
 340              		.loc 1 81 0
 341 0094 FFF7FEFF 		bl	blink_zero
  82:binary.c      ****         blink_one();
 342              		.loc 1 82 0
 343 0098 FFF7FEFF 		bl	blink_one
  83:binary.c      ****         blink_zero();
 344              		.loc 1 83 0
 345 009c FFF7FEFF 		bl	blink_zero
  84:binary.c      ****         blink_zero();
 346              		.loc 1 84 0
 347 00a0 FFF7FEFF 		bl	blink_zero
  85:binary.c      ****         blink_zero();
 348              		.loc 1 85 0
 349 00a4 FFF7FEFF 		bl	blink_zero
  86:binary.c      ****         blink_one();
 350              		.loc 1 86 0
 351 00a8 FFF7FEFF 		bl	blink_one
  87:binary.c      ****         blink_zero();
 352              		.loc 1 87 0
 353 00ac FFF7FEFF 		bl	blink_zero
  88:binary.c      ****         blink_zero();
 354              		.loc 1 88 0
 355 00b0 FFF7FEFF 		bl	blink_zero
  89:binary.c      ****         break;
 356              		.loc 1 89 0
 357 00b4 23E2     		b	.L9
 358              	.L28:
  90:binary.c      ****        case 'E':
  91:binary.c      ****        case 'e':
  92:binary.c      ****         blink_zero();
 359              		.loc 1 92 0
 360 00b6 FFF7FEFF 		bl	blink_zero
  93:binary.c      ****         blink_one();
 361              		.loc 1 93 0
ARM GAS  C:\Users\ryan\AppData\Local\Temp\ccBsSE1d.s 			page 9


 362 00ba FFF7FEFF 		bl	blink_one
  94:binary.c      ****         blink_zero();
 363              		.loc 1 94 0
 364 00be FFF7FEFF 		bl	blink_zero
  95:binary.c      ****         blink_zero();
 365              		.loc 1 95 0
 366 00c2 FFF7FEFF 		bl	blink_zero
  96:binary.c      ****         blink_zero();
 367              		.loc 1 96 0
 368 00c6 FFF7FEFF 		bl	blink_zero
  97:binary.c      ****         blink_one();
 369              		.loc 1 97 0
 370 00ca FFF7FEFF 		bl	blink_one
  98:binary.c      ****         blink_zero();
 371              		.loc 1 98 0
 372 00ce FFF7FEFF 		bl	blink_zero
  99:binary.c      ****         blink_one();
 373              		.loc 1 99 0
 374 00d2 FFF7FEFF 		bl	blink_one
 100:binary.c      ****         break;
 375              		.loc 1 100 0
 376 00d6 12E2     		b	.L9
 377              	.L29:
 101:binary.c      ****        case 'F':
 102:binary.c      ****        case 'f':
 103:binary.c      ****         blink_zero();
 378              		.loc 1 103 0
 379 00d8 FFF7FEFF 		bl	blink_zero
 104:binary.c      ****         blink_one();
 380              		.loc 1 104 0
 381 00dc FFF7FEFF 		bl	blink_one
 105:binary.c      ****         blink_zero();
 382              		.loc 1 105 0
 383 00e0 FFF7FEFF 		bl	blink_zero
 106:binary.c      ****         blink_zero();
 384              		.loc 1 106 0
 385 00e4 FFF7FEFF 		bl	blink_zero
 107:binary.c      ****         blink_zero();
 386              		.loc 1 107 0
 387 00e8 FFF7FEFF 		bl	blink_zero
 108:binary.c      ****         blink_one();
 388              		.loc 1 108 0
 389 00ec FFF7FEFF 		bl	blink_one
 109:binary.c      ****         blink_one();
 390              		.loc 1 109 0
 391 00f0 FFF7FEFF 		bl	blink_one
 110:binary.c      ****         blink_zero();
 392              		.loc 1 110 0
 393 00f4 FFF7FEFF 		bl	blink_zero
 111:binary.c      ****         break;
 394              		.loc 1 111 0
 395 00f8 01E2     		b	.L9
 396              	.L30:
 112:binary.c      ****        case 'G':
 113:binary.c      ****        case 'g':
 114:binary.c      ****         blink_zero();
 397              		.loc 1 114 0
ARM GAS  C:\Users\ryan\AppData\Local\Temp\ccBsSE1d.s 			page 10


 398 00fa FFF7FEFF 		bl	blink_zero
 115:binary.c      ****         blink_one();
 399              		.loc 1 115 0
 400 00fe FFF7FEFF 		bl	blink_one
 116:binary.c      ****         blink_zero();
 401              		.loc 1 116 0
 402 0102 FFF7FEFF 		bl	blink_zero
 117:binary.c      ****         blink_zero();
 403              		.loc 1 117 0
 404 0106 FFF7FEFF 		bl	blink_zero
 118:binary.c      ****         blink_zero();
 405              		.loc 1 118 0
 406 010a FFF7FEFF 		bl	blink_zero
 119:binary.c      ****         blink_one();
 407              		.loc 1 119 0
 408 010e FFF7FEFF 		bl	blink_one
 120:binary.c      ****         blink_one();
 409              		.loc 1 120 0
 410 0112 FFF7FEFF 		bl	blink_one
 121:binary.c      ****         blink_one();
 411              		.loc 1 121 0
 412 0116 FFF7FEFF 		bl	blink_one
 122:binary.c      ****         break;
 413              		.loc 1 122 0
 414 011a F0E1     		b	.L9
 415              	.L31:
 123:binary.c      ****        case 'H':
 124:binary.c      ****        case 'h':
 125:binary.c      ****         blink_zero();
 416              		.loc 1 125 0
 417 011c FFF7FEFF 		bl	blink_zero
 126:binary.c      ****         blink_one();
 418              		.loc 1 126 0
 419 0120 FFF7FEFF 		bl	blink_one
 127:binary.c      ****         blink_zero();
 420              		.loc 1 127 0
 421 0124 FFF7FEFF 		bl	blink_zero
 128:binary.c      ****         blink_zero();
 422              		.loc 1 128 0
 423 0128 FFF7FEFF 		bl	blink_zero
 129:binary.c      ****         blink_one();
 424              		.loc 1 129 0
 425 012c FFF7FEFF 		bl	blink_one
 130:binary.c      ****         blink_zero();
 426              		.loc 1 130 0
 427 0130 FFF7FEFF 		bl	blink_zero
 131:binary.c      ****         blink_zero();
 428              		.loc 1 131 0
 429 0134 FFF7FEFF 		bl	blink_zero
 132:binary.c      ****         blink_zero();
 430              		.loc 1 132 0
 431 0138 FFF7FEFF 		bl	blink_zero
 133:binary.c      ****         break;
 432              		.loc 1 133 0
 433 013c DFE1     		b	.L9
 434              	.L32:
 134:binary.c      ****        case 'I':
ARM GAS  C:\Users\ryan\AppData\Local\Temp\ccBsSE1d.s 			page 11


 135:binary.c      ****        case 'i':
 136:binary.c      ****         blink_zero();
 435              		.loc 1 136 0
 436 013e FFF7FEFF 		bl	blink_zero
 137:binary.c      ****         blink_one();
 437              		.loc 1 137 0
 438 0142 FFF7FEFF 		bl	blink_one
 138:binary.c      ****         blink_zero();
 439              		.loc 1 138 0
 440 0146 FFF7FEFF 		bl	blink_zero
 139:binary.c      ****         blink_zero();
 441              		.loc 1 139 0
 442 014a FFF7FEFF 		bl	blink_zero
 140:binary.c      ****         blink_one();
 443              		.loc 1 140 0
 444 014e FFF7FEFF 		bl	blink_one
 141:binary.c      ****         blink_zero();
 445              		.loc 1 141 0
 446 0152 FFF7FEFF 		bl	blink_zero
 142:binary.c      ****         blink_zero();
 447              		.loc 1 142 0
 448 0156 FFF7FEFF 		bl	blink_zero
 143:binary.c      ****         blink_one();
 449              		.loc 1 143 0
 450 015a FFF7FEFF 		bl	blink_one
 144:binary.c      ****         break;
 451              		.loc 1 144 0
 452 015e CEE1     		b	.L9
 453              	.L33:
 145:binary.c      ****        case 'J':
 146:binary.c      ****        case 'j':
 147:binary.c      ****         blink_zero();
 454              		.loc 1 147 0
 455 0160 FFF7FEFF 		bl	blink_zero
 148:binary.c      ****         blink_one();
 456              		.loc 1 148 0
 457 0164 FFF7FEFF 		bl	blink_one
 149:binary.c      ****         blink_zero();
 458              		.loc 1 149 0
 459 0168 FFF7FEFF 		bl	blink_zero
 150:binary.c      ****         blink_zero();
 460              		.loc 1 150 0
 461 016c FFF7FEFF 		bl	blink_zero
 151:binary.c      ****         blink_one();
 462              		.loc 1 151 0
 463 0170 FFF7FEFF 		bl	blink_one
 152:binary.c      ****         blink_zero();
 464              		.loc 1 152 0
 465 0174 FFF7FEFF 		bl	blink_zero
 153:binary.c      ****         blink_one();
 466              		.loc 1 153 0
 467 0178 FFF7FEFF 		bl	blink_one
 154:binary.c      ****         blink_zero();
 468              		.loc 1 154 0
 469 017c FFF7FEFF 		bl	blink_zero
 155:binary.c      ****         break;
 470              		.loc 1 155 0
ARM GAS  C:\Users\ryan\AppData\Local\Temp\ccBsSE1d.s 			page 12


 471 0180 BDE1     		b	.L9
 472              	.L34:
 156:binary.c      ****        case 'K':
 157:binary.c      ****        case 'k':
 158:binary.c      ****         blink_zero();
 473              		.loc 1 158 0
 474 0182 FFF7FEFF 		bl	blink_zero
 159:binary.c      ****         blink_one();
 475              		.loc 1 159 0
 476 0186 FFF7FEFF 		bl	blink_one
 160:binary.c      ****         blink_zero();
 477              		.loc 1 160 0
 478 018a FFF7FEFF 		bl	blink_zero
 161:binary.c      ****         blink_zero();
 479              		.loc 1 161 0
 480 018e FFF7FEFF 		bl	blink_zero
 162:binary.c      ****         blink_one();
 481              		.loc 1 162 0
 482 0192 FFF7FEFF 		bl	blink_one
 163:binary.c      ****         blink_zero();
 483              		.loc 1 163 0
 484 0196 FFF7FEFF 		bl	blink_zero
 164:binary.c      ****         blink_one();
 485              		.loc 1 164 0
 486 019a FFF7FEFF 		bl	blink_one
 165:binary.c      ****         blink_one();
 487              		.loc 1 165 0
 488 019e FFF7FEFF 		bl	blink_one
 166:binary.c      ****         break;
 489              		.loc 1 166 0
 490 01a2 ACE1     		b	.L9
 491              	.L35:
 167:binary.c      ****        case 'L':
 168:binary.c      ****        case 'l':
 169:binary.c      ****         blink_zero();
 492              		.loc 1 169 0
 493 01a4 FFF7FEFF 		bl	blink_zero
 170:binary.c      ****         blink_one();
 494              		.loc 1 170 0
 495 01a8 FFF7FEFF 		bl	blink_one
 171:binary.c      ****         blink_zero();
 496              		.loc 1 171 0
 497 01ac FFF7FEFF 		bl	blink_zero
 172:binary.c      ****         blink_zero();
 498              		.loc 1 172 0
 499 01b0 FFF7FEFF 		bl	blink_zero
 173:binary.c      ****         blink_one();
 500              		.loc 1 173 0
 501 01b4 FFF7FEFF 		bl	blink_one
 174:binary.c      ****         blink_one();
 502              		.loc 1 174 0
 503 01b8 FFF7FEFF 		bl	blink_one
 175:binary.c      ****         blink_zero();
 504              		.loc 1 175 0
 505 01bc FFF7FEFF 		bl	blink_zero
 176:binary.c      ****         blink_zero();
 506              		.loc 1 176 0
ARM GAS  C:\Users\ryan\AppData\Local\Temp\ccBsSE1d.s 			page 13


 507 01c0 FFF7FEFF 		bl	blink_zero
 177:binary.c      ****         break;
 508              		.loc 1 177 0
 509 01c4 9BE1     		b	.L9
 510              	.L36:
 178:binary.c      ****        case 'M':
 179:binary.c      ****        case 'm':
 180:binary.c      ****         blink_zero();
 511              		.loc 1 180 0
 512 01c6 FFF7FEFF 		bl	blink_zero
 181:binary.c      ****         blink_one();
 513              		.loc 1 181 0
 514 01ca FFF7FEFF 		bl	blink_one
 182:binary.c      ****         blink_zero();
 515              		.loc 1 182 0
 516 01ce FFF7FEFF 		bl	blink_zero
 183:binary.c      ****         blink_zero();
 517              		.loc 1 183 0
 518 01d2 FFF7FEFF 		bl	blink_zero
 184:binary.c      ****         blink_one();
 519              		.loc 1 184 0
 520 01d6 FFF7FEFF 		bl	blink_one
 185:binary.c      ****         blink_one();
 521              		.loc 1 185 0
 522 01da FFF7FEFF 		bl	blink_one
 186:binary.c      ****         blink_zero();
 523              		.loc 1 186 0
 524 01de FFF7FEFF 		bl	blink_zero
 187:binary.c      ****         blink_one();
 525              		.loc 1 187 0
 526 01e2 FFF7FEFF 		bl	blink_one
 188:binary.c      ****         break;
 527              		.loc 1 188 0
 528 01e6 8AE1     		b	.L9
 529              	.L37:
 189:binary.c      ****        case 'N':
 190:binary.c      ****        case 'n':
 191:binary.c      ****         blink_zero();
 530              		.loc 1 191 0
 531 01e8 FFF7FEFF 		bl	blink_zero
 192:binary.c      ****         blink_one();
 532              		.loc 1 192 0
 533 01ec FFF7FEFF 		bl	blink_one
 193:binary.c      ****         blink_zero();
 534              		.loc 1 193 0
 535 01f0 FFF7FEFF 		bl	blink_zero
 194:binary.c      ****         blink_zero();
 536              		.loc 1 194 0
 537 01f4 FFF7FEFF 		bl	blink_zero
 195:binary.c      ****         blink_one();
 538              		.loc 1 195 0
 539 01f8 FFF7FEFF 		bl	blink_one
 196:binary.c      ****         blink_one();
 540              		.loc 1 196 0
 541 01fc FFF7FEFF 		bl	blink_one
 197:binary.c      ****         blink_one();
 542              		.loc 1 197 0
ARM GAS  C:\Users\ryan\AppData\Local\Temp\ccBsSE1d.s 			page 14


 543 0200 FFF7FEFF 		bl	blink_one
 198:binary.c      ****         blink_zero();
 544              		.loc 1 198 0
 545 0204 FFF7FEFF 		bl	blink_zero
 199:binary.c      ****         break;
 546              		.loc 1 199 0
 547 0208 79E1     		b	.L9
 548              	.L38:
 200:binary.c      ****        case 'O':
 201:binary.c      ****        case 'o':
 202:binary.c      ****         blink_zero();
 549              		.loc 1 202 0
 550 020a FFF7FEFF 		bl	blink_zero
 203:binary.c      ****         blink_one();
 551              		.loc 1 203 0
 552 020e FFF7FEFF 		bl	blink_one
 204:binary.c      ****         blink_zero();
 553              		.loc 1 204 0
 554 0212 FFF7FEFF 		bl	blink_zero
 205:binary.c      ****         blink_zero();
 555              		.loc 1 205 0
 556 0216 FFF7FEFF 		bl	blink_zero
 206:binary.c      ****         blink_one();
 557              		.loc 1 206 0
 558 021a FFF7FEFF 		bl	blink_one
 207:binary.c      ****         blink_one();
 559              		.loc 1 207 0
 560 021e FFF7FEFF 		bl	blink_one
 208:binary.c      ****         blink_one();
 561              		.loc 1 208 0
 562 0222 FFF7FEFF 		bl	blink_one
 209:binary.c      ****         blink_one();
 563              		.loc 1 209 0
 564 0226 FFF7FEFF 		bl	blink_one
 210:binary.c      ****         break;
 565              		.loc 1 210 0
 566 022a 68E1     		b	.L9
 567              	.L39:
 211:binary.c      ****        case 'P':
 212:binary.c      ****        case 'p':
 213:binary.c      ****         blink_zero();
 568              		.loc 1 213 0
 569 022c FFF7FEFF 		bl	blink_zero
 214:binary.c      ****         blink_one();
 570              		.loc 1 214 0
 571 0230 FFF7FEFF 		bl	blink_one
 215:binary.c      ****         blink_zero();
 572              		.loc 1 215 0
 573 0234 FFF7FEFF 		bl	blink_zero
 216:binary.c      ****         blink_one();
 574              		.loc 1 216 0
 575 0238 FFF7FEFF 		bl	blink_one
 217:binary.c      ****         blink_zero();
 576              		.loc 1 217 0
 577 023c FFF7FEFF 		bl	blink_zero
 218:binary.c      ****         blink_zero();
 578              		.loc 1 218 0
ARM GAS  C:\Users\ryan\AppData\Local\Temp\ccBsSE1d.s 			page 15


 579 0240 FFF7FEFF 		bl	blink_zero
 219:binary.c      ****         blink_zero();
 580              		.loc 1 219 0
 581 0244 FFF7FEFF 		bl	blink_zero
 220:binary.c      ****         blink_zero();
 582              		.loc 1 220 0
 583 0248 FFF7FEFF 		bl	blink_zero
 221:binary.c      ****         break;
 584              		.loc 1 221 0
 585 024c 57E1     		b	.L9
 586              	.L40:
 222:binary.c      ****        case 'Q':
 223:binary.c      ****        case 'q':
 224:binary.c      ****         blink_zero();
 587              		.loc 1 224 0
 588 024e FFF7FEFF 		bl	blink_zero
 225:binary.c      ****         blink_one();
 589              		.loc 1 225 0
 590 0252 FFF7FEFF 		bl	blink_one
 226:binary.c      ****         blink_zero();
 591              		.loc 1 226 0
 592 0256 FFF7FEFF 		bl	blink_zero
 227:binary.c      ****         blink_one();
 593              		.loc 1 227 0
 594 025a FFF7FEFF 		bl	blink_one
 228:binary.c      ****         blink_zero();
 595              		.loc 1 228 0
 596 025e FFF7FEFF 		bl	blink_zero
 229:binary.c      ****         blink_zero();
 597              		.loc 1 229 0
 598 0262 FFF7FEFF 		bl	blink_zero
 230:binary.c      ****         blink_zero();
 599              		.loc 1 230 0
 600 0266 FFF7FEFF 		bl	blink_zero
 231:binary.c      ****         blink_one();
 601              		.loc 1 231 0
 602 026a FFF7FEFF 		bl	blink_one
 232:binary.c      ****         break;
 603              		.loc 1 232 0
 604 026e 46E1     		b	.L9
 605              	.L41:
 233:binary.c      ****        case 'R':
 234:binary.c      ****        case 'r':
 235:binary.c      ****         blink_zero();
 606              		.loc 1 235 0
 607 0270 FFF7FEFF 		bl	blink_zero
 236:binary.c      ****         blink_one();
 608              		.loc 1 236 0
 609 0274 FFF7FEFF 		bl	blink_one
 237:binary.c      ****         blink_zero();
 610              		.loc 1 237 0
 611 0278 FFF7FEFF 		bl	blink_zero
 238:binary.c      ****         blink_one();
 612              		.loc 1 238 0
 613 027c FFF7FEFF 		bl	blink_one
 239:binary.c      ****         blink_zero();
 614              		.loc 1 239 0
ARM GAS  C:\Users\ryan\AppData\Local\Temp\ccBsSE1d.s 			page 16


 615 0280 FFF7FEFF 		bl	blink_zero
 240:binary.c      ****         blink_zero();
 616              		.loc 1 240 0
 617 0284 FFF7FEFF 		bl	blink_zero
 241:binary.c      ****         blink_one();
 618              		.loc 1 241 0
 619 0288 FFF7FEFF 		bl	blink_one
 242:binary.c      ****         blink_zero();
 620              		.loc 1 242 0
 621 028c FFF7FEFF 		bl	blink_zero
 243:binary.c      ****         break;
 622              		.loc 1 243 0
 623 0290 35E1     		b	.L9
 624              	.L42:
 244:binary.c      ****        case 'S':
 245:binary.c      ****        case 's':
 246:binary.c      ****         blink_zero();
 625              		.loc 1 246 0
 626 0292 FFF7FEFF 		bl	blink_zero
 247:binary.c      ****         blink_one();
 627              		.loc 1 247 0
 628 0296 FFF7FEFF 		bl	blink_one
 248:binary.c      ****         blink_zero();
 629              		.loc 1 248 0
 630 029a FFF7FEFF 		bl	blink_zero
 249:binary.c      ****         blink_one();
 631              		.loc 1 249 0
 632 029e FFF7FEFF 		bl	blink_one
 250:binary.c      ****         blink_zero();
 633              		.loc 1 250 0
 634 02a2 FFF7FEFF 		bl	blink_zero
 251:binary.c      ****         blink_zero();
 635              		.loc 1 251 0
 636 02a6 FFF7FEFF 		bl	blink_zero
 252:binary.c      ****         blink_one();
 637              		.loc 1 252 0
 638 02aa FFF7FEFF 		bl	blink_one
 253:binary.c      ****         blink_one();
 639              		.loc 1 253 0
 640 02ae FFF7FEFF 		bl	blink_one
 254:binary.c      ****         break;
 641              		.loc 1 254 0
 642 02b2 24E1     		b	.L9
 643              	.L43:
 255:binary.c      ****        case 'T':
 256:binary.c      ****        case 't':
 257:binary.c      ****         blink_zero();
 644              		.loc 1 257 0
 645 02b4 FFF7FEFF 		bl	blink_zero
 258:binary.c      ****         blink_one();
 646              		.loc 1 258 0
 647 02b8 FFF7FEFF 		bl	blink_one
 259:binary.c      ****         blink_zero();
 648              		.loc 1 259 0
 649 02bc FFF7FEFF 		bl	blink_zero
 260:binary.c      ****         blink_one();
 650              		.loc 1 260 0
ARM GAS  C:\Users\ryan\AppData\Local\Temp\ccBsSE1d.s 			page 17


 651 02c0 FFF7FEFF 		bl	blink_one
 261:binary.c      ****         blink_zero();
 652              		.loc 1 261 0
 653 02c4 FFF7FEFF 		bl	blink_zero
 262:binary.c      ****         blink_one();
 654              		.loc 1 262 0
 655 02c8 FFF7FEFF 		bl	blink_one
 263:binary.c      ****         blink_zero();
 656              		.loc 1 263 0
 657 02cc FFF7FEFF 		bl	blink_zero
 264:binary.c      ****         blink_zero();
 658              		.loc 1 264 0
 659 02d0 FFF7FEFF 		bl	blink_zero
 265:binary.c      ****         break;
 660              		.loc 1 265 0
 661 02d4 13E1     		b	.L9
 662              	.L44:
 266:binary.c      ****        case 'U':
 267:binary.c      ****        case 'u':
 268:binary.c      ****         blink_zero();
 663              		.loc 1 268 0
 664 02d6 FFF7FEFF 		bl	blink_zero
 269:binary.c      ****         blink_one();
 665              		.loc 1 269 0
 666 02da FFF7FEFF 		bl	blink_one
 270:binary.c      ****         blink_zero();
 667              		.loc 1 270 0
 668 02de FFF7FEFF 		bl	blink_zero
 271:binary.c      ****         blink_one();
 669              		.loc 1 271 0
 670 02e2 FFF7FEFF 		bl	blink_one
 272:binary.c      ****         blink_zero();
 671              		.loc 1 272 0
 672 02e6 FFF7FEFF 		bl	blink_zero
 273:binary.c      ****         blink_one();
 673              		.loc 1 273 0
 674 02ea FFF7FEFF 		bl	blink_one
 274:binary.c      ****         blink_zero();
 675              		.loc 1 274 0
 676 02ee FFF7FEFF 		bl	blink_zero
 275:binary.c      ****         blink_one();
 677              		.loc 1 275 0
 678 02f2 FFF7FEFF 		bl	blink_one
 276:binary.c      ****         break;
 679              		.loc 1 276 0
 680 02f6 02E1     		b	.L9
 681              	.L45:
 277:binary.c      ****        case 'V':
 278:binary.c      ****        case 'v':
 279:binary.c      ****         blink_zero();
 682              		.loc 1 279 0
 683 02f8 FFF7FEFF 		bl	blink_zero
 280:binary.c      ****         blink_one();
 684              		.loc 1 280 0
 685 02fc FFF7FEFF 		bl	blink_one
 281:binary.c      ****         blink_zero();
 686              		.loc 1 281 0
ARM GAS  C:\Users\ryan\AppData\Local\Temp\ccBsSE1d.s 			page 18


 687 0300 FFF7FEFF 		bl	blink_zero
 282:binary.c      ****         blink_one();
 688              		.loc 1 282 0
 689 0304 FFF7FEFF 		bl	blink_one
 283:binary.c      ****         blink_zero();
 690              		.loc 1 283 0
 691 0308 FFF7FEFF 		bl	blink_zero
 284:binary.c      ****         blink_one();
 692              		.loc 1 284 0
 693 030c FFF7FEFF 		bl	blink_one
 285:binary.c      ****         blink_one();
 694              		.loc 1 285 0
 695 0310 FFF7FEFF 		bl	blink_one
 286:binary.c      ****         blink_zero();
 696              		.loc 1 286 0
 697 0314 FFF7FEFF 		bl	blink_zero
 287:binary.c      ****         break;
 698              		.loc 1 287 0
 699 0318 F1E0     		b	.L9
 700              	.L46:
 288:binary.c      ****        case 'W':
 289:binary.c      ****        case 'w':
 290:binary.c      ****         blink_zero();
 701              		.loc 1 290 0
 702 031a FFF7FEFF 		bl	blink_zero
 291:binary.c      ****         blink_one();
 703              		.loc 1 291 0
 704 031e FFF7FEFF 		bl	blink_one
 292:binary.c      ****         blink_zero();
 705              		.loc 1 292 0
 706 0322 FFF7FEFF 		bl	blink_zero
 293:binary.c      ****         blink_one();
 707              		.loc 1 293 0
 708 0326 FFF7FEFF 		bl	blink_one
 294:binary.c      ****         blink_zero();
 709              		.loc 1 294 0
 710 032a FFF7FEFF 		bl	blink_zero
 295:binary.c      ****         blink_one();
 711              		.loc 1 295 0
 712 032e FFF7FEFF 		bl	blink_one
 296:binary.c      ****         blink_one();
 713              		.loc 1 296 0
 714 0332 FFF7FEFF 		bl	blink_one
 297:binary.c      ****         blink_one();
 715              		.loc 1 297 0
 716 0336 FFF7FEFF 		bl	blink_one
 298:binary.c      ****         break;
 717              		.loc 1 298 0
 718 033a E0E0     		b	.L9
 719              	.L47:
 299:binary.c      ****        case 'X':
 300:binary.c      ****        case 'x':
 301:binary.c      ****         blink_zero();
 720              		.loc 1 301 0
 721 033c FFF7FEFF 		bl	blink_zero
 302:binary.c      ****         blink_one();
 722              		.loc 1 302 0
ARM GAS  C:\Users\ryan\AppData\Local\Temp\ccBsSE1d.s 			page 19


 723 0340 FFF7FEFF 		bl	blink_one
 303:binary.c      ****         blink_zero();
 724              		.loc 1 303 0
 725 0344 FFF7FEFF 		bl	blink_zero
 304:binary.c      ****         blink_one();
 726              		.loc 1 304 0
 727 0348 FFF7FEFF 		bl	blink_one
 305:binary.c      ****         blink_one();
 728              		.loc 1 305 0
 729 034c FFF7FEFF 		bl	blink_one
 306:binary.c      ****         blink_zero();
 730              		.loc 1 306 0
 731 0350 FFF7FEFF 		bl	blink_zero
 307:binary.c      ****         blink_zero();
 732              		.loc 1 307 0
 733 0354 FFF7FEFF 		bl	blink_zero
 308:binary.c      ****         blink_zero();
 734              		.loc 1 308 0
 735 0358 FFF7FEFF 		bl	blink_zero
 309:binary.c      ****         break;
 736              		.loc 1 309 0
 737 035c CFE0     		b	.L9
 738              	.L48:
 310:binary.c      ****        case 'Y':
 311:binary.c      ****        case 'y':
 312:binary.c      ****         blink_zero();
 739              		.loc 1 312 0
 740 035e FFF7FEFF 		bl	blink_zero
 313:binary.c      ****         blink_one();
 741              		.loc 1 313 0
 742 0362 FFF7FEFF 		bl	blink_one
 314:binary.c      ****         blink_zero();
 743              		.loc 1 314 0
 744 0366 FFF7FEFF 		bl	blink_zero
 315:binary.c      ****         blink_one();
 745              		.loc 1 315 0
 746 036a FFF7FEFF 		bl	blink_one
 316:binary.c      ****         blink_one();
 747              		.loc 1 316 0
 748 036e FFF7FEFF 		bl	blink_one
 317:binary.c      ****         blink_zero();
 749              		.loc 1 317 0
 750 0372 FFF7FEFF 		bl	blink_zero
 318:binary.c      ****         blink_zero();
 751              		.loc 1 318 0
 752 0376 FFF7FEFF 		bl	blink_zero
 319:binary.c      ****         blink_one();
 753              		.loc 1 319 0
 754 037a FFF7FEFF 		bl	blink_one
 320:binary.c      ****         break;
 755              		.loc 1 320 0
 756 037e BEE0     		b	.L9
 757              	.L49:
 321:binary.c      ****        case 'Z':
 322:binary.c      ****        case 'z':
 323:binary.c      ****         blink_zero();
 758              		.loc 1 323 0
ARM GAS  C:\Users\ryan\AppData\Local\Temp\ccBsSE1d.s 			page 20


 759 0380 FFF7FEFF 		bl	blink_zero
 324:binary.c      ****         blink_one();
 760              		.loc 1 324 0
 761 0384 FFF7FEFF 		bl	blink_one
 325:binary.c      ****         blink_zero();
 762              		.loc 1 325 0
 763 0388 FFF7FEFF 		bl	blink_zero
 326:binary.c      ****         blink_one();
 764              		.loc 1 326 0
 765 038c FFF7FEFF 		bl	blink_one
 327:binary.c      ****         blink_one();
 766              		.loc 1 327 0
 767 0390 FFF7FEFF 		bl	blink_one
 328:binary.c      ****         blink_zero();
 768              		.loc 1 328 0
 769 0394 FFF7FEFF 		bl	blink_zero
 329:binary.c      ****         blink_one();
 770              		.loc 1 329 0
 771 0398 FFF7FEFF 		bl	blink_one
 330:binary.c      ****         blink_zero();
 772              		.loc 1 330 0
 773 039c FFF7FEFF 		bl	blink_zero
 331:binary.c      ****         break;
 774              		.loc 1 331 0
 775 03a0 ADE0     		b	.L9
 776              	.L14:
 332:binary.c      ****        case '0':
 333:binary.c      ****         blink_zero();
 777              		.loc 1 333 0
 778 03a2 FFF7FEFF 		bl	blink_zero
 334:binary.c      ****         blink_zero();
 779              		.loc 1 334 0
 780 03a6 FFF7FEFF 		bl	blink_zero
 335:binary.c      ****         blink_one();
 781              		.loc 1 335 0
 782 03aa FFF7FEFF 		bl	blink_one
 336:binary.c      ****         blink_one();
 783              		.loc 1 336 0
 784 03ae FFF7FEFF 		bl	blink_one
 337:binary.c      ****         blink_zero();
 785              		.loc 1 337 0
 786 03b2 FFF7FEFF 		bl	blink_zero
 338:binary.c      ****         blink_zero();
 787              		.loc 1 338 0
 788 03b6 FFF7FEFF 		bl	blink_zero
 339:binary.c      ****         blink_zero();
 789              		.loc 1 339 0
 790 03ba FFF7FEFF 		bl	blink_zero
 340:binary.c      ****         blink_zero();
 791              		.loc 1 340 0
 792 03be FFF7FEFF 		bl	blink_zero
 341:binary.c      ****         break;
 793              		.loc 1 341 0
 794 03c2 9CE0     		b	.L9
 795              	.L15:
 342:binary.c      ****        case '1':
 343:binary.c      ****         blink_zero();
ARM GAS  C:\Users\ryan\AppData\Local\Temp\ccBsSE1d.s 			page 21


 796              		.loc 1 343 0
 797 03c4 FFF7FEFF 		bl	blink_zero
 344:binary.c      ****         blink_zero();
 798              		.loc 1 344 0
 799 03c8 FFF7FEFF 		bl	blink_zero
 345:binary.c      ****         blink_one();
 800              		.loc 1 345 0
 801 03cc FFF7FEFF 		bl	blink_one
 346:binary.c      ****         blink_one();
 802              		.loc 1 346 0
 803 03d0 FFF7FEFF 		bl	blink_one
 347:binary.c      ****         blink_zero();
 804              		.loc 1 347 0
 805 03d4 FFF7FEFF 		bl	blink_zero
 348:binary.c      ****         blink_zero();
 806              		.loc 1 348 0
 807 03d8 FFF7FEFF 		bl	blink_zero
 349:binary.c      ****         blink_zero();
 808              		.loc 1 349 0
 809 03dc FFF7FEFF 		bl	blink_zero
 350:binary.c      ****         blink_one();
 810              		.loc 1 350 0
 811 03e0 FFF7FEFF 		bl	blink_one
 351:binary.c      ****         break;
 812              		.loc 1 351 0
 813 03e4 8BE0     		b	.L9
 814              	.L52:
 815 03e6 C046     		.align	2
 816              	.L51:
 817 03e8 00000000 		.word	.L13
 818              	.L16:
 352:binary.c      ****        case '2':
 353:binary.c      ****         blink_zero();
 819              		.loc 1 353 0
 820 03ec FFF7FEFF 		bl	blink_zero
 354:binary.c      ****         blink_zero();
 821              		.loc 1 354 0
 822 03f0 FFF7FEFF 		bl	blink_zero
 355:binary.c      ****         blink_one();
 823              		.loc 1 355 0
 824 03f4 FFF7FEFF 		bl	blink_one
 356:binary.c      ****         blink_one();
 825              		.loc 1 356 0
 826 03f8 FFF7FEFF 		bl	blink_one
 357:binary.c      ****         blink_zero();
 827              		.loc 1 357 0
 828 03fc FFF7FEFF 		bl	blink_zero
 358:binary.c      ****         blink_zero();
 829              		.loc 1 358 0
 830 0400 FFF7FEFF 		bl	blink_zero
 359:binary.c      ****         blink_one();
 831              		.loc 1 359 0
 832 0404 FFF7FEFF 		bl	blink_one
 360:binary.c      ****         blink_zero();
 833              		.loc 1 360 0
 834 0408 FFF7FEFF 		bl	blink_zero
 361:binary.c      ****         break;
ARM GAS  C:\Users\ryan\AppData\Local\Temp\ccBsSE1d.s 			page 22


 835              		.loc 1 361 0
 836 040c 77E0     		b	.L9
 837              	.L17:
 362:binary.c      ****        case '3':
 363:binary.c      ****         blink_zero();
 838              		.loc 1 363 0
 839 040e FFF7FEFF 		bl	blink_zero
 364:binary.c      ****         blink_zero();
 840              		.loc 1 364 0
 841 0412 FFF7FEFF 		bl	blink_zero
 365:binary.c      ****         blink_one();
 842              		.loc 1 365 0
 843 0416 FFF7FEFF 		bl	blink_one
 366:binary.c      ****         blink_one();
 844              		.loc 1 366 0
 845 041a FFF7FEFF 		bl	blink_one
 367:binary.c      ****         blink_zero();
 846              		.loc 1 367 0
 847 041e FFF7FEFF 		bl	blink_zero
 368:binary.c      ****         blink_zero();
 848              		.loc 1 368 0
 849 0422 FFF7FEFF 		bl	blink_zero
 369:binary.c      ****         blink_one();
 850              		.loc 1 369 0
 851 0426 FFF7FEFF 		bl	blink_one
 370:binary.c      ****         blink_one();
 852              		.loc 1 370 0
 853 042a FFF7FEFF 		bl	blink_one
 371:binary.c      ****         break;
 854              		.loc 1 371 0
 855 042e 66E0     		b	.L9
 856              	.L18:
 372:binary.c      ****        case '4':
 373:binary.c      ****         blink_zero();
 857              		.loc 1 373 0
 858 0430 FFF7FEFF 		bl	blink_zero
 374:binary.c      ****         blink_zero();
 859              		.loc 1 374 0
 860 0434 FFF7FEFF 		bl	blink_zero
 375:binary.c      ****         blink_one();
 861              		.loc 1 375 0
 862 0438 FFF7FEFF 		bl	blink_one
 376:binary.c      ****         blink_one();
 863              		.loc 1 376 0
 864 043c FFF7FEFF 		bl	blink_one
 377:binary.c      ****         blink_zero();
 865              		.loc 1 377 0
 866 0440 FFF7FEFF 		bl	blink_zero
 378:binary.c      ****         blink_one();
 867              		.loc 1 378 0
 868 0444 FFF7FEFF 		bl	blink_one
 379:binary.c      ****         blink_zero();
 869              		.loc 1 379 0
 870 0448 FFF7FEFF 		bl	blink_zero
 380:binary.c      ****         blink_zero();
 871              		.loc 1 380 0
 872 044c FFF7FEFF 		bl	blink_zero
ARM GAS  C:\Users\ryan\AppData\Local\Temp\ccBsSE1d.s 			page 23


 381:binary.c      ****         break;
 873              		.loc 1 381 0
 874 0450 55E0     		b	.L9
 875              	.L19:
 382:binary.c      ****        case '5':
 383:binary.c      ****         blink_zero();
 876              		.loc 1 383 0
 877 0452 FFF7FEFF 		bl	blink_zero
 384:binary.c      ****         blink_zero();
 878              		.loc 1 384 0
 879 0456 FFF7FEFF 		bl	blink_zero
 385:binary.c      ****         blink_one();
 880              		.loc 1 385 0
 881 045a FFF7FEFF 		bl	blink_one
 386:binary.c      ****         blink_one();
 882              		.loc 1 386 0
 883 045e FFF7FEFF 		bl	blink_one
 387:binary.c      ****         blink_zero();
 884              		.loc 1 387 0
 885 0462 FFF7FEFF 		bl	blink_zero
 388:binary.c      ****         blink_one();
 886              		.loc 1 388 0
 887 0466 FFF7FEFF 		bl	blink_one
 389:binary.c      ****         blink_zero();
 888              		.loc 1 389 0
 889 046a FFF7FEFF 		bl	blink_zero
 390:binary.c      ****         blink_one();
 890              		.loc 1 390 0
 891 046e FFF7FEFF 		bl	blink_one
 391:binary.c      ****         break;
 892              		.loc 1 391 0
 893 0472 44E0     		b	.L9
 894              	.L20:
 392:binary.c      ****        case '6':
 393:binary.c      ****         blink_zero();
 895              		.loc 1 393 0
 896 0474 FFF7FEFF 		bl	blink_zero
 394:binary.c      ****         blink_zero();
 897              		.loc 1 394 0
 898 0478 FFF7FEFF 		bl	blink_zero
 395:binary.c      ****         blink_one();
 899              		.loc 1 395 0
 900 047c FFF7FEFF 		bl	blink_one
 396:binary.c      ****         blink_one();
 901              		.loc 1 396 0
 902 0480 FFF7FEFF 		bl	blink_one
 397:binary.c      ****         blink_zero();
 903              		.loc 1 397 0
 904 0484 FFF7FEFF 		bl	blink_zero
 398:binary.c      ****         blink_one();
 905              		.loc 1 398 0
 906 0488 FFF7FEFF 		bl	blink_one
 399:binary.c      ****         blink_one();
 907              		.loc 1 399 0
 908 048c FFF7FEFF 		bl	blink_one
 400:binary.c      ****         blink_zero();
 909              		.loc 1 400 0
ARM GAS  C:\Users\ryan\AppData\Local\Temp\ccBsSE1d.s 			page 24


 910 0490 FFF7FEFF 		bl	blink_zero
 401:binary.c      ****         break;
 911              		.loc 1 401 0
 912 0494 33E0     		b	.L9
 913              	.L21:
 402:binary.c      ****        case '7':
 403:binary.c      ****         blink_zero();
 914              		.loc 1 403 0
 915 0496 FFF7FEFF 		bl	blink_zero
 404:binary.c      ****         blink_zero();
 916              		.loc 1 404 0
 917 049a FFF7FEFF 		bl	blink_zero
 405:binary.c      ****         blink_one();
 918              		.loc 1 405 0
 919 049e FFF7FEFF 		bl	blink_one
 406:binary.c      ****         blink_one();
 920              		.loc 1 406 0
 921 04a2 FFF7FEFF 		bl	blink_one
 407:binary.c      ****         blink_zero();
 922              		.loc 1 407 0
 923 04a6 FFF7FEFF 		bl	blink_zero
 408:binary.c      ****         blink_one();
 924              		.loc 1 408 0
 925 04aa FFF7FEFF 		bl	blink_one
 409:binary.c      ****         blink_one();
 926              		.loc 1 409 0
 927 04ae FFF7FEFF 		bl	blink_one
 410:binary.c      ****         blink_one();
 928              		.loc 1 410 0
 929 04b2 FFF7FEFF 		bl	blink_one
 411:binary.c      ****         break;
 930              		.loc 1 411 0
 931 04b6 22E0     		b	.L9
 932              	.L22:
 412:binary.c      ****        case '8':
 413:binary.c      ****         blink_zero();
 933              		.loc 1 413 0
 934 04b8 FFF7FEFF 		bl	blink_zero
 414:binary.c      ****         blink_zero();
 935              		.loc 1 414 0
 936 04bc FFF7FEFF 		bl	blink_zero
 415:binary.c      ****         blink_one();
 937              		.loc 1 415 0
 938 04c0 FFF7FEFF 		bl	blink_one
 416:binary.c      ****         blink_one();
 939              		.loc 1 416 0
 940 04c4 FFF7FEFF 		bl	blink_one
 417:binary.c      ****         blink_one();
 941              		.loc 1 417 0
 942 04c8 FFF7FEFF 		bl	blink_one
 418:binary.c      ****         blink_zero();
 943              		.loc 1 418 0
 944 04cc FFF7FEFF 		bl	blink_zero
 419:binary.c      ****         blink_zero();
 945              		.loc 1 419 0
 946 04d0 FFF7FEFF 		bl	blink_zero
 420:binary.c      ****         blink_zero();
ARM GAS  C:\Users\ryan\AppData\Local\Temp\ccBsSE1d.s 			page 25


 947              		.loc 1 420 0
 948 04d4 FFF7FEFF 		bl	blink_zero
 421:binary.c      ****         break;
 949              		.loc 1 421 0
 950 04d8 11E0     		b	.L9
 951              	.L23:
 422:binary.c      ****        case '9':
 423:binary.c      ****         blink_zero();
 952              		.loc 1 423 0
 953 04da FFF7FEFF 		bl	blink_zero
 424:binary.c      ****         blink_zero();
 954              		.loc 1 424 0
 955 04de FFF7FEFF 		bl	blink_zero
 425:binary.c      ****         blink_one();
 956              		.loc 1 425 0
 957 04e2 FFF7FEFF 		bl	blink_one
 426:binary.c      ****         blink_one();
 958              		.loc 1 426 0
 959 04e6 FFF7FEFF 		bl	blink_one
 427:binary.c      ****         blink_one();
 960              		.loc 1 427 0
 961 04ea FFF7FEFF 		bl	blink_one
 428:binary.c      ****         blink_zero();
 962              		.loc 1 428 0
 963 04ee FFF7FEFF 		bl	blink_zero
 429:binary.c      ****         blink_zero();
 964              		.loc 1 429 0
 965 04f2 FFF7FEFF 		bl	blink_zero
 430:binary.c      ****         blink_one();
 966              		.loc 1 430 0
 967 04f6 FFF7FEFF 		bl	blink_one
 431:binary.c      ****         break;
 968              		.loc 1 431 0
 969 04fa 00E0     		b	.L9
 970              	.L50:
  43:binary.c      ****     }
 971              		.loc 1 43 0
 972 04fc C046     		nop
 973              	.L9:
 432:binary.c      ****        case '\n':
 433:binary.c      ****         /* Clear the screen on a new line */
 434:binary.c      ****         break;
 435:binary.c      ****    }
 436:binary.c      **** }
 974              		.loc 1 436 0
 975 04fe BD46     		mov	sp, r7
 976 0500 02B0     		add	sp, sp, #8
 977              		@ sp needed
 978 0502 80BD     		pop	{r7, pc}
 979              		.cfi_endproc
 980              	.LFE34:
 981              		.size	binary_encode, .-binary_encode
 982              		.section	.text.binary_message,"ax",%progbits
 983              		.align	2
 984              		.global	binary_message
 985              		.code	16
 986              		.thumb_func
ARM GAS  C:\Users\ryan\AppData\Local\Temp\ccBsSE1d.s 			page 26


 987              		.type	binary_message, %function
 988              	binary_message:
 989              	.LFB35:
 437:binary.c      **** 
 438:binary.c      **** void binary_message(char* message) {
 990              		.loc 1 438 0
 991              		.cfi_startproc
 992              		@ args = 0, pretend = 0, frame = 16
 993              		@ frame_needed = 1, uses_anonymous_args = 0
 994 0000 80B5     		push	{r7, lr}
 995              		.cfi_def_cfa_offset 8
 996              		.cfi_offset 7, -8
 997              		.cfi_offset 14, -4
 998 0002 84B0     		sub	sp, sp, #16
 999              		.cfi_def_cfa_offset 24
 1000 0004 00AF     		add	r7, sp, #0
 1001              		.cfi_def_cfa_register 7
 1002 0006 7860     		str	r0, [r7, #4]
 439:binary.c      ****     unsigned int i;
 440:binary.c      ****     
 441:binary.c      ****     /* Blink the encoded message */
 442:binary.c      ****     for (i=0; i < strlen(message); i++) {
 1003              		.loc 1 442 0
 1004 0008 0023     		movs	r3, #0
 1005 000a FB60     		str	r3, [r7, #12]
 1006 000c 0EE0     		b	.L54
 1007              	.L57:
 443:binary.c      ****         /* Verify state */
 444:binary.c      ****         if(!verify_state(BINARY)) {
 1008              		.loc 1 444 0
 1009 000e 0220     		movs	r0, #2
 1010 0010 FFF7FEFF 		bl	verify_state
 1011 0014 031E     		subs	r3, r0, #0
 1012 0016 12D0     		beq	.L58
 445:binary.c      ****             return;
 446:binary.c      ****         }
 447:binary.c      ****         binary_encode(message[i]);
 1013              		.loc 1 447 0 discriminator 2
 1014 0018 7A68     		ldr	r2, [r7, #4]
 1015 001a FB68     		ldr	r3, [r7, #12]
 1016 001c D318     		adds	r3, r2, r3
 1017 001e 1B78     		ldrb	r3, [r3]
 1018 0020 1800     		movs	r0, r3
 1019 0022 FFF7FEFF 		bl	binary_encode
 442:binary.c      ****         /* Verify state */
 1020              		.loc 1 442 0 discriminator 2
 1021 0026 FB68     		ldr	r3, [r7, #12]
 1022 0028 0133     		adds	r3, r3, #1
 1023 002a FB60     		str	r3, [r7, #12]
 1024              	.L54:
 442:binary.c      ****         /* Verify state */
 1025              		.loc 1 442 0 is_stmt 0 discriminator 1
 1026 002c 7B68     		ldr	r3, [r7, #4]
 1027 002e 1800     		movs	r0, r3
 1028 0030 FFF7FEFF 		bl	strlen
 1029 0034 0200     		movs	r2, r0
 1030 0036 FB68     		ldr	r3, [r7, #12]
ARM GAS  C:\Users\ryan\AppData\Local\Temp\ccBsSE1d.s 			page 27


 1031 0038 9A42     		cmp	r2, r3
 1032 003a E8D8     		bhi	.L57
 1033 003c 00E0     		b	.L53
 1034              	.L58:
 445:binary.c      ****             return;
 1035              		.loc 1 445 0 is_stmt 1
 1036 003e C046     		nop
 1037              	.L53:
 448:binary.c      ****     }
 449:binary.c      **** }
 1038              		.loc 1 449 0
 1039 0040 BD46     		mov	sp, r7
 1040 0042 04B0     		add	sp, sp, #16
 1041              		@ sp needed
 1042 0044 80BD     		pop	{r7, pc}
 1043              		.cfi_endproc
 1044              	.LFE35:
 1045              		.size	binary_message, .-binary_message
 1046 0046 C046     		.text
 1047              	.Letext0:
 1048              		.section	.debug_info,"",%progbits
 1049              	.Ldebug_info0:
 1050 0000 04010000 		.4byte	0x104
 1051 0004 0400     		.2byte	0x4
 1052 0006 00000000 		.4byte	.Ldebug_abbrev0
 1053 000a 04       		.byte	0x4
 1054 000b 01       		.uleb128 0x1
 1055 000c 1D010000 		.4byte	.LASF17
 1056 0010 0C       		.byte	0xc
 1057 0011 9F000000 		.4byte	.LASF18
 1058 0015 32000000 		.4byte	.LASF19
 1059 0019 00000000 		.4byte	.Ldebug_ranges0+0
 1060 001d 00000000 		.4byte	0
 1061 0021 00000000 		.4byte	.Ldebug_line0
 1062 0025 02       		.uleb128 0x2
 1063 0026 01       		.byte	0x1
 1064 0027 06       		.byte	0x6
 1065 0028 FB000000 		.4byte	.LASF0
 1066 002c 02       		.uleb128 0x2
 1067 002d 01       		.byte	0x1
 1068 002e 08       		.byte	0x8
 1069 002f A8000000 		.4byte	.LASF1
 1070 0033 02       		.uleb128 0x2
 1071 0034 02       		.byte	0x2
 1072 0035 05       		.byte	0x5
 1073 0036 13010000 		.4byte	.LASF2
 1074 003a 02       		.uleb128 0x2
 1075 003b 02       		.byte	0x2
 1076 003c 07       		.byte	0x7
 1077 003d E8000000 		.4byte	.LASF3
 1078 0041 02       		.uleb128 0x2
 1079 0042 04       		.byte	0x4
 1080 0043 05       		.byte	0x5
 1081 0044 CA000000 		.4byte	.LASF4
 1082 0048 02       		.uleb128 0x2
 1083 0049 04       		.byte	0x4
 1084 004a 07       		.byte	0x7
ARM GAS  C:\Users\ryan\AppData\Local\Temp\ccBsSE1d.s 			page 28


 1085 004b 20000000 		.4byte	.LASF5
 1086 004f 02       		.uleb128 0x2
 1087 0050 08       		.byte	0x8
 1088 0051 05       		.byte	0x5
 1089 0052 00000000 		.4byte	.LASF6
 1090 0056 02       		.uleb128 0x2
 1091 0057 08       		.byte	0x8
 1092 0058 07       		.byte	0x7
 1093 0059 77000000 		.4byte	.LASF7
 1094 005d 03       		.uleb128 0x3
 1095 005e 04       		.byte	0x4
 1096 005f 05       		.byte	0x5
 1097 0060 696E7400 		.ascii	"int\000"
 1098 0064 02       		.uleb128 0x2
 1099 0065 04       		.byte	0x4
 1100 0066 07       		.byte	0x7
 1101 0067 AB010000 		.4byte	.LASF8
 1102 006b 02       		.uleb128 0x2
 1103 006c 04       		.byte	0x4
 1104 006d 04       		.byte	0x4
 1105 006e 8E000000 		.4byte	.LASF9
 1106 0072 02       		.uleb128 0x2
 1107 0073 08       		.byte	0x8
 1108 0074 04       		.byte	0x4
 1109 0075 E1000000 		.4byte	.LASF10
 1110 0079 02       		.uleb128 0x2
 1111 007a 01       		.byte	0x1
 1112 007b 08       		.byte	0x8
 1113 007c B6000000 		.4byte	.LASF11
 1114 0080 02       		.uleb128 0x2
 1115 0081 08       		.byte	0x8
 1116 0082 04       		.byte	0x4
 1117 0083 07010000 		.4byte	.LASF12
 1118 0087 02       		.uleb128 0x2
 1119 0088 04       		.byte	0x4
 1120 0089 07       		.byte	0x7
 1121 008a B8010000 		.4byte	.LASF13
 1122 008e 04       		.uleb128 0x4
 1123 008f 04       		.byte	0x4
 1124 0090 79000000 		.4byte	0x79
 1125 0094 05       		.uleb128 0x5
 1126 0095 94000000 		.4byte	.LASF14
 1127 0099 01       		.byte	0x1
 1128 009a 12       		.byte	0x12
 1129 009b 00000000 		.4byte	.LFB32
 1130 009f 36000000 		.4byte	.LFE32-.LFB32
 1131 00a3 01       		.uleb128 0x1
 1132 00a4 9C       		.byte	0x9c
 1133 00a5 05       		.uleb128 0x5
 1134 00a6 0E000000 		.4byte	.LASF15
 1135 00aa 01       		.byte	0x1
 1136 00ab 1D       		.byte	0x1d
 1137 00ac 00000000 		.4byte	.LFB33
 1138 00b0 36000000 		.4byte	.LFE33-.LFB33
 1139 00b4 01       		.uleb128 0x1
 1140 00b5 9C       		.byte	0x9c
 1141 00b6 06       		.uleb128 0x6
ARM GAS  C:\Users\ryan\AppData\Local\Temp\ccBsSE1d.s 			page 29


 1142 00b7 D3000000 		.4byte	.LASF20
 1143 00bb 01       		.byte	0x1
 1144 00bc 28       		.byte	0x28
 1145 00bd 00000000 		.4byte	.LFB34
 1146 00c1 04050000 		.4byte	.LFE34-.LFB34
 1147 00c5 01       		.uleb128 0x1
 1148 00c6 9C       		.byte	0x9c
 1149 00c7 D8000000 		.4byte	0xd8
 1150 00cb 07       		.uleb128 0x7
 1151 00cc 6300     		.ascii	"c\000"
 1152 00ce 01       		.byte	0x1
 1153 00cf 28       		.byte	0x28
 1154 00d0 79000000 		.4byte	0x79
 1155 00d4 02       		.uleb128 0x2
 1156 00d5 91       		.byte	0x91
 1157 00d6 77       		.sleb128 -9
 1158 00d7 00       		.byte	0
 1159 00d8 08       		.uleb128 0x8
 1160 00d9 BB000000 		.4byte	.LASF21
 1161 00dd 01       		.byte	0x1
 1162 00de B601     		.2byte	0x1b6
 1163 00e0 00000000 		.4byte	.LFB35
 1164 00e4 46000000 		.4byte	.LFE35-.LFB35
 1165 00e8 01       		.uleb128 0x1
 1166 00e9 9C       		.byte	0x9c
 1167 00ea 09       		.uleb128 0x9
 1168 00eb 18000000 		.4byte	.LASF16
 1169 00ef 01       		.byte	0x1
 1170 00f0 B601     		.2byte	0x1b6
 1171 00f2 8E000000 		.4byte	0x8e
 1172 00f6 02       		.uleb128 0x2
 1173 00f7 91       		.byte	0x91
 1174 00f8 6C       		.sleb128 -20
 1175 00f9 0A       		.uleb128 0xa
 1176 00fa 6900     		.ascii	"i\000"
 1177 00fc 01       		.byte	0x1
 1178 00fd B701     		.2byte	0x1b7
 1179 00ff 64000000 		.4byte	0x64
 1180 0103 02       		.uleb128 0x2
 1181 0104 91       		.byte	0x91
 1182 0105 74       		.sleb128 -12
 1183 0106 00       		.byte	0
 1184 0107 00       		.byte	0
 1185              		.section	.debug_abbrev,"",%progbits
 1186              	.Ldebug_abbrev0:
 1187 0000 01       		.uleb128 0x1
 1188 0001 11       		.uleb128 0x11
 1189 0002 01       		.byte	0x1
 1190 0003 25       		.uleb128 0x25
 1191 0004 0E       		.uleb128 0xe
 1192 0005 13       		.uleb128 0x13
 1193 0006 0B       		.uleb128 0xb
 1194 0007 03       		.uleb128 0x3
 1195 0008 0E       		.uleb128 0xe
 1196 0009 1B       		.uleb128 0x1b
 1197 000a 0E       		.uleb128 0xe
 1198 000b 55       		.uleb128 0x55
ARM GAS  C:\Users\ryan\AppData\Local\Temp\ccBsSE1d.s 			page 30


 1199 000c 17       		.uleb128 0x17
 1200 000d 11       		.uleb128 0x11
 1201 000e 01       		.uleb128 0x1
 1202 000f 10       		.uleb128 0x10
 1203 0010 17       		.uleb128 0x17
 1204 0011 00       		.byte	0
 1205 0012 00       		.byte	0
 1206 0013 02       		.uleb128 0x2
 1207 0014 24       		.uleb128 0x24
 1208 0015 00       		.byte	0
 1209 0016 0B       		.uleb128 0xb
 1210 0017 0B       		.uleb128 0xb
 1211 0018 3E       		.uleb128 0x3e
 1212 0019 0B       		.uleb128 0xb
 1213 001a 03       		.uleb128 0x3
 1214 001b 0E       		.uleb128 0xe
 1215 001c 00       		.byte	0
 1216 001d 00       		.byte	0
 1217 001e 03       		.uleb128 0x3
 1218 001f 24       		.uleb128 0x24
 1219 0020 00       		.byte	0
 1220 0021 0B       		.uleb128 0xb
 1221 0022 0B       		.uleb128 0xb
 1222 0023 3E       		.uleb128 0x3e
 1223 0024 0B       		.uleb128 0xb
 1224 0025 03       		.uleb128 0x3
 1225 0026 08       		.uleb128 0x8
 1226 0027 00       		.byte	0
 1227 0028 00       		.byte	0
 1228 0029 04       		.uleb128 0x4
 1229 002a 0F       		.uleb128 0xf
 1230 002b 00       		.byte	0
 1231 002c 0B       		.uleb128 0xb
 1232 002d 0B       		.uleb128 0xb
 1233 002e 49       		.uleb128 0x49
 1234 002f 13       		.uleb128 0x13
 1235 0030 00       		.byte	0
 1236 0031 00       		.byte	0
 1237 0032 05       		.uleb128 0x5
 1238 0033 2E       		.uleb128 0x2e
 1239 0034 00       		.byte	0
 1240 0035 3F       		.uleb128 0x3f
 1241 0036 19       		.uleb128 0x19
 1242 0037 03       		.uleb128 0x3
 1243 0038 0E       		.uleb128 0xe
 1244 0039 3A       		.uleb128 0x3a
 1245 003a 0B       		.uleb128 0xb
 1246 003b 3B       		.uleb128 0x3b
 1247 003c 0B       		.uleb128 0xb
 1248 003d 27       		.uleb128 0x27
 1249 003e 19       		.uleb128 0x19
 1250 003f 11       		.uleb128 0x11
 1251 0040 01       		.uleb128 0x1
 1252 0041 12       		.uleb128 0x12
 1253 0042 06       		.uleb128 0x6
 1254 0043 40       		.uleb128 0x40
 1255 0044 18       		.uleb128 0x18
ARM GAS  C:\Users\ryan\AppData\Local\Temp\ccBsSE1d.s 			page 31


 1256 0045 9642     		.uleb128 0x2116
 1257 0047 19       		.uleb128 0x19
 1258 0048 00       		.byte	0
 1259 0049 00       		.byte	0
 1260 004a 06       		.uleb128 0x6
 1261 004b 2E       		.uleb128 0x2e
 1262 004c 01       		.byte	0x1
 1263 004d 3F       		.uleb128 0x3f
 1264 004e 19       		.uleb128 0x19
 1265 004f 03       		.uleb128 0x3
 1266 0050 0E       		.uleb128 0xe
 1267 0051 3A       		.uleb128 0x3a
 1268 0052 0B       		.uleb128 0xb
 1269 0053 3B       		.uleb128 0x3b
 1270 0054 0B       		.uleb128 0xb
 1271 0055 27       		.uleb128 0x27
 1272 0056 19       		.uleb128 0x19
 1273 0057 11       		.uleb128 0x11
 1274 0058 01       		.uleb128 0x1
 1275 0059 12       		.uleb128 0x12
 1276 005a 06       		.uleb128 0x6
 1277 005b 40       		.uleb128 0x40
 1278 005c 18       		.uleb128 0x18
 1279 005d 9642     		.uleb128 0x2116
 1280 005f 19       		.uleb128 0x19
 1281 0060 01       		.uleb128 0x1
 1282 0061 13       		.uleb128 0x13
 1283 0062 00       		.byte	0
 1284 0063 00       		.byte	0
 1285 0064 07       		.uleb128 0x7
 1286 0065 05       		.uleb128 0x5
 1287 0066 00       		.byte	0
 1288 0067 03       		.uleb128 0x3
 1289 0068 08       		.uleb128 0x8
 1290 0069 3A       		.uleb128 0x3a
 1291 006a 0B       		.uleb128 0xb
 1292 006b 3B       		.uleb128 0x3b
 1293 006c 0B       		.uleb128 0xb
 1294 006d 49       		.uleb128 0x49
 1295 006e 13       		.uleb128 0x13
 1296 006f 02       		.uleb128 0x2
 1297 0070 18       		.uleb128 0x18
 1298 0071 00       		.byte	0
 1299 0072 00       		.byte	0
 1300 0073 08       		.uleb128 0x8
 1301 0074 2E       		.uleb128 0x2e
 1302 0075 01       		.byte	0x1
 1303 0076 3F       		.uleb128 0x3f
 1304 0077 19       		.uleb128 0x19
 1305 0078 03       		.uleb128 0x3
 1306 0079 0E       		.uleb128 0xe
 1307 007a 3A       		.uleb128 0x3a
 1308 007b 0B       		.uleb128 0xb
 1309 007c 3B       		.uleb128 0x3b
 1310 007d 05       		.uleb128 0x5
 1311 007e 27       		.uleb128 0x27
 1312 007f 19       		.uleb128 0x19
ARM GAS  C:\Users\ryan\AppData\Local\Temp\ccBsSE1d.s 			page 32


 1313 0080 11       		.uleb128 0x11
 1314 0081 01       		.uleb128 0x1
 1315 0082 12       		.uleb128 0x12
 1316 0083 06       		.uleb128 0x6
 1317 0084 40       		.uleb128 0x40
 1318 0085 18       		.uleb128 0x18
 1319 0086 9642     		.uleb128 0x2116
 1320 0088 19       		.uleb128 0x19
 1321 0089 00       		.byte	0
 1322 008a 00       		.byte	0
 1323 008b 09       		.uleb128 0x9
 1324 008c 05       		.uleb128 0x5
 1325 008d 00       		.byte	0
 1326 008e 03       		.uleb128 0x3
 1327 008f 0E       		.uleb128 0xe
 1328 0090 3A       		.uleb128 0x3a
 1329 0091 0B       		.uleb128 0xb
 1330 0092 3B       		.uleb128 0x3b
 1331 0093 05       		.uleb128 0x5
 1332 0094 49       		.uleb128 0x49
 1333 0095 13       		.uleb128 0x13
 1334 0096 02       		.uleb128 0x2
 1335 0097 18       		.uleb128 0x18
 1336 0098 00       		.byte	0
 1337 0099 00       		.byte	0
 1338 009a 0A       		.uleb128 0xa
 1339 009b 34       		.uleb128 0x34
 1340 009c 00       		.byte	0
 1341 009d 03       		.uleb128 0x3
 1342 009e 08       		.uleb128 0x8
 1343 009f 3A       		.uleb128 0x3a
 1344 00a0 0B       		.uleb128 0xb
 1345 00a1 3B       		.uleb128 0x3b
 1346 00a2 05       		.uleb128 0x5
 1347 00a3 49       		.uleb128 0x49
 1348 00a4 13       		.uleb128 0x13
 1349 00a5 02       		.uleb128 0x2
 1350 00a6 18       		.uleb128 0x18
 1351 00a7 00       		.byte	0
 1352 00a8 00       		.byte	0
 1353 00a9 00       		.byte	0
 1354              		.section	.debug_aranges,"",%progbits
 1355 0000 34000000 		.4byte	0x34
 1356 0004 0200     		.2byte	0x2
 1357 0006 00000000 		.4byte	.Ldebug_info0
 1358 000a 04       		.byte	0x4
 1359 000b 00       		.byte	0
 1360 000c 0000     		.2byte	0
 1361 000e 0000     		.2byte	0
 1362 0010 00000000 		.4byte	.LFB32
 1363 0014 36000000 		.4byte	.LFE32-.LFB32
 1364 0018 00000000 		.4byte	.LFB33
 1365 001c 36000000 		.4byte	.LFE33-.LFB33
 1366 0020 00000000 		.4byte	.LFB34
 1367 0024 04050000 		.4byte	.LFE34-.LFB34
 1368 0028 00000000 		.4byte	.LFB35
 1369 002c 46000000 		.4byte	.LFE35-.LFB35
ARM GAS  C:\Users\ryan\AppData\Local\Temp\ccBsSE1d.s 			page 33


 1370 0030 00000000 		.4byte	0
 1371 0034 00000000 		.4byte	0
 1372              		.section	.debug_ranges,"",%progbits
 1373              	.Ldebug_ranges0:
 1374 0000 00000000 		.4byte	.LFB32
 1375 0004 36000000 		.4byte	.LFE32
 1376 0008 00000000 		.4byte	.LFB33
 1377 000c 36000000 		.4byte	.LFE33
 1378 0010 00000000 		.4byte	.LFB34
 1379 0014 04050000 		.4byte	.LFE34
 1380 0018 00000000 		.4byte	.LFB35
 1381 001c 46000000 		.4byte	.LFE35
 1382 0020 00000000 		.4byte	0
 1383 0024 00000000 		.4byte	0
 1384              		.section	.debug_line,"",%progbits
 1385              	.Ldebug_line0:
 1386 0000 D3010000 		.section	.debug_str,"MS",%progbits,1
 1386      02001F00 
 1386      00000201 
 1386      FB0E0D00 
 1386      01010101 
 1387              	.LASF6:
 1388 0000 6C6F6E67 		.ascii	"long long int\000"
 1388      206C6F6E 
 1388      6720696E 
 1388      7400
 1389              	.LASF15:
 1390 000e 626C696E 		.ascii	"blink_one\000"
 1390      6B5F6F6E 
 1390      6500
 1391              	.LASF16:
 1392 0018 6D657373 		.ascii	"message\000"
 1392      61676500 
 1393              	.LASF5:
 1394 0020 6C6F6E67 		.ascii	"long unsigned int\000"
 1394      20756E73 
 1394      69676E65 
 1394      6420696E 
 1394      7400
 1395              	.LASF19:
 1396 0032 433A5C55 		.ascii	"C:\\Users\\ryan\\Documents\\PSoC Creator\\Defcon_Ba"
 1396      73657273 
 1396      5C727961 
 1396      6E5C446F 
 1396      63756D65 
 1397 0060 6467655C 		.ascii	"dge\\Defcon_Badge.cydsn\000"
 1397      44656663 
 1397      6F6E5F42 
 1397      61646765 
 1397      2E637964 
 1398              	.LASF7:
 1399 0077 6C6F6E67 		.ascii	"long long unsigned int\000"
 1399      206C6F6E 
 1399      6720756E 
 1399      7369676E 
 1399      65642069 
 1400              	.LASF9:
ARM GAS  C:\Users\ryan\AppData\Local\Temp\ccBsSE1d.s 			page 34


 1401 008e 666C6F61 		.ascii	"float\000"
 1401      7400
 1402              	.LASF14:
 1403 0094 626C696E 		.ascii	"blink_zero\000"
 1403      6B5F7A65 
 1403      726F00
 1404              	.LASF18:
 1405 009f 62696E61 		.ascii	"binary.c\000"
 1405      72792E63 
 1405      00
 1406              	.LASF1:
 1407 00a8 756E7369 		.ascii	"unsigned char\000"
 1407      676E6564 
 1407      20636861 
 1407      7200
 1408              	.LASF11:
 1409 00b6 63686172 		.ascii	"char\000"
 1409      00
 1410              	.LASF21:
 1411 00bb 62696E61 		.ascii	"binary_message\000"
 1411      72795F6D 
 1411      65737361 
 1411      676500
 1412              	.LASF4:
 1413 00ca 6C6F6E67 		.ascii	"long int\000"
 1413      20696E74 
 1413      00
 1414              	.LASF20:
 1415 00d3 62696E61 		.ascii	"binary_encode\000"
 1415      72795F65 
 1415      6E636F64 
 1415      6500
 1416              	.LASF10:
 1417 00e1 646F7562 		.ascii	"double\000"
 1417      6C6500
 1418              	.LASF3:
 1419 00e8 73686F72 		.ascii	"short unsigned int\000"
 1419      7420756E 
 1419      7369676E 
 1419      65642069 
 1419      6E7400
 1420              	.LASF0:
 1421 00fb 7369676E 		.ascii	"signed char\000"
 1421      65642063 
 1421      68617200 
 1422              	.LASF12:
 1423 0107 6C6F6E67 		.ascii	"long double\000"
 1423      20646F75 
 1423      626C6500 
 1424              	.LASF2:
 1425 0113 73686F72 		.ascii	"short int\000"
 1425      7420696E 
 1425      7400
 1426              	.LASF17:
 1427 011d 474E5520 		.ascii	"GNU C11 5.4.1 20160609 (release) [ARM/embedded-5-br"
 1427      43313120 
 1427      352E342E 
ARM GAS  C:\Users\ryan\AppData\Local\Temp\ccBsSE1d.s 			page 35


 1427      31203230 
 1427      31363036 
 1428 0150 616E6368 		.ascii	"anch revision 237715] -mcpu=cortex-m0 -mthumb -g -O"
 1428      20726576 
 1428      6973696F 
 1428      6E203233 
 1428      37373135 
 1429 0183 30202D66 		.ascii	"0 -ffunction-sections -ffat-lto-objects\000"
 1429      66756E63 
 1429      74696F6E 
 1429      2D736563 
 1429      74696F6E 
 1430              	.LASF8:
 1431 01ab 756E7369 		.ascii	"unsigned int\000"
 1431      676E6564 
 1431      20696E74 
 1431      00
 1432              	.LASF13:
 1433 01b8 73697A65 		.ascii	"sizetype\000"
 1433      74797065 
 1433      00
 1434              		.ident	"GCC: (GNU Tools for ARM Embedded Processors) 5.4.1 20160609 (release) [ARM/embedded-5-bran
