Archive member included to satisfy reference by file (symbol)

.\CortexM0\ARM_GCC_541\Debug\Defcon_Badge.a(Board_LED.o)
                              .\CortexM0\ARM_GCC_541\Debug\lightlib.o (Board_LED_Write)
.\CortexM0\ARM_GCC_541\Debug\Defcon_Badge.a(IR_LED.o)
                              .\CortexM0\ARM_GCC_541\Debug\lightlib.o (IR_LED_Write)
.\CortexM0\ARM_GCC_541\Debug\Defcon_Badge.a(SWL.o)
                              .\CortexM0\ARM_GCC_541\Debug\togglelib.o (SWL_ClearInterrupt)
.\CortexM0\ARM_GCC_541\Debug\Defcon_Badge.a(SWL_Int.o)
                              .\CortexM0\ARM_GCC_541\Debug\togglelib.o (SWL_Int_StartEx)
.\CortexM0\ARM_GCC_541\Debug\Defcon_Badge.a(SWR.o)
                              .\CortexM0\ARM_GCC_541\Debug\togglelib.o (SWR_ClearInterrupt)
.\CortexM0\ARM_GCC_541\Debug\Defcon_Badge.a(SWR_Int.o)
                              .\CortexM0\ARM_GCC_541\Debug\togglelib.o (SWR_Int_StartEx)
.\CortexM0\ARM_GCC_541\Debug\Defcon_Badge.a(SWB.o)
                              .\CortexM0\ARM_GCC_541\Debug\togglelib.o (SWB_ClearInterrupt)
.\CortexM0\ARM_GCC_541\Debug\Defcon_Badge.a(SWB_Int.o)
                              .\CortexM0\ARM_GCC_541\Debug\togglelib.o (SWB_Int_StartEx)
.\CortexM0\ARM_GCC_541\Debug\Defcon_Badge.a(Left_LED_Green.o)
                              .\CortexM0\ARM_GCC_541\Debug\lightlib.o (Left_LED_Green_Write)
.\CortexM0\ARM_GCC_541\Debug\Defcon_Badge.a(Right_LED_Green.o)
                              .\CortexM0\ARM_GCC_541\Debug\lightlib.o (Right_LED_Green_Write)
.\CortexM0\ARM_GCC_541\Debug\Defcon_Badge.a(PWM_Right_LED_Red.o)
                              .\CortexM0\ARM_GCC_541\Debug\lightlib.o (PWM_Right_LED_Red_Start)
.\CortexM0\ARM_GCC_541\Debug\Defcon_Badge.a(PWM_Left_LED_Red.o)
                              .\CortexM0\ARM_GCC_541\Debug\lightlib.o (PWM_Left_LED_Red_Start)
.\CortexM0\ARM_GCC_541\Debug\Defcon_Badge.a(Left_LED_Blue.o)
                              .\CortexM0\ARM_GCC_541\Debug\lightlib.o (Left_LED_Blue_Write)
.\CortexM0\ARM_GCC_541\Debug\Defcon_Badge.a(Right_LED_Blue.o)
                              .\CortexM0\ARM_GCC_541\Debug\lightlib.o (Right_LED_Blue_Write)
.\CortexM0\ARM_GCC_541\Debug\Defcon_Badge.a(CyLib.o)
                              .\CortexM0\ARM_GCC_541\Debug\cyfitter_cfg.o (CySysClkWriteImoFreq)
.\CortexM0\ARM_GCC_541\Debug\Defcon_Badge.a(cyPm.o)
                              .\CortexM0\ARM_GCC_541\Debug\main.o (CySysPmSleep)
.\CortexM0\ARM_GCC_541\Debug\Defcon_Badge.a(PWM_Defcon.o)
                              .\CortexM0\ARM_GCC_541\Debug\main.o (PWM_Defcon_Start)
.\CortexM0\ARM_GCC_541\Debug\Defcon_Badge.a(DEFCON_Int.o)
                              .\CortexM0\ARM_GCC_541\Debug\togglelib.o (DEFCON_Int_StartEx)
.\CortexM0\ARM_GCC_541\Debug\Defcon_Badge.a(CyBootAsmGnu.o)
                              .\CortexM0\ARM_GCC_541\Debug\Defcon_Badge.a(CyLib.o) (CyDelayCycles)
c:/program files (x86)/cypress/psoc creator/4.1/psoc creator/import/gnu/arm/5.4.1/bin/../lib/gcc/arm-none-eabi/5.4.1/armv6-m\libgcc.a(_udivsi3.o)
                              .\CortexM0\ARM_GCC_541\Debug\Defcon_Badge.a(CyLib.o) (__aeabi_uidiv)
c:/program files (x86)/cypress/psoc creator/4.1/psoc creator/import/gnu/arm/5.4.1/bin/../lib/gcc/arm-none-eabi/5.4.1/armv6-m\libgcc.a(_divsi3.o)
                              .\CortexM0\ARM_GCC_541\Debug\togglelib.o (__aeabi_idivmod)
c:/program files (x86)/cypress/psoc creator/4.1/psoc creator/import/gnu/arm/5.4.1/bin/../lib/gcc/arm-none-eabi/5.4.1/armv6-m\libgcc.a(_dvmd_tls.o)
                              c:/program files (x86)/cypress/psoc creator/4.1/psoc creator/import/gnu/arm/5.4.1/bin/../lib/gcc/arm-none-eabi/5.4.1/armv6-m\libgcc.a(_udivsi3.o) (__aeabi_idiv0)
c:/program files (x86)/cypress/psoc creator/4.1/psoc creator/import/gnu/arm/5.4.1/bin/../lib/gcc/arm-none-eabi/5.4.1/../../../../arm-none-eabi/lib/armv6-m\libg_nano.a(lib_a-errno.o)
                              .\CortexM0\ARM_GCC_541\Debug\Cm0Start.o (__errno)
c:/program files (x86)/cypress/psoc creator/4.1/psoc creator/import/gnu/arm/5.4.1/bin/../lib/gcc/arm-none-eabi/5.4.1/../../../../arm-none-eabi/lib/armv6-m\libg_nano.a(lib_a-exit.o)
                              c:/program files (x86)/cypress/psoc creator/4.1/psoc creator/import/gnu/arm/5.4.1/bin/../lib/gcc/arm-none-eabi/5.4.1/../../../../arm-none-eabi/lib/armv6-m/crt0.o (exit)
c:/program files (x86)/cypress/psoc creator/4.1/psoc creator/import/gnu/arm/5.4.1/bin/../lib/gcc/arm-none-eabi/5.4.1/../../../../arm-none-eabi/lib/armv6-m\libg_nano.a(lib_a-impure.o)
                              c:/program files (x86)/cypress/psoc creator/4.1/psoc creator/import/gnu/arm/5.4.1/bin/../lib/gcc/arm-none-eabi/5.4.1/../../../../arm-none-eabi/lib/armv6-m\libg_nano.a(lib_a-exit.o) (_global_impure_ptr)
c:/program files (x86)/cypress/psoc creator/4.1/psoc creator/import/gnu/arm/5.4.1/bin/../lib/gcc/arm-none-eabi/5.4.1/../../../../arm-none-eabi/lib/armv6-m\libg_nano.a(lib_a-init.o)
[...]
Memory Configuration

Name             Origin             Length             Attributes
rom              0x00000000         0x00008000         xr
ram              0x20000000         0x00001000         xrw
*default*        0x00000000         0xffffffff

Linker script and memory map

LOAD c:/program files (x86)/cypress/psoc creator/4.1/psoc creator/import/gnu/arm/5.4.1/bin/../lib/gcc/arm-none-eabi/5.4.1/armv6-m/crti.o
LOAD c:/program files (x86)/cypress/psoc creator/4.1/psoc creator/import/gnu/arm/5.4.1/bin/../lib/gcc/arm-none-eabi/5.4.1/armv6-m/crtbegin.o
LOAD c:/program files (x86)/cypress/psoc creator/4.1/psoc creator/import/gnu/arm/5.4.1/bin/../lib/gcc/arm-none-eabi/5.4.1/../../../../arm-none-eabi/lib/armv6-m/crt0.o
START GROUP
LOAD .\CortexM0\ARM_GCC_541\Debug\main.o
LOAD .\CortexM0\ARM_GCC_541\Debug\binary.o
LOAD .\CortexM0\ARM_GCC_541\Debug\lightlib.o
LOAD .\CortexM0\ARM_GCC_541\Debug\morse.o
LOAD .\CortexM0\ARM_GCC_541\Debug\state.o
LOAD .\CortexM0\ARM_GCC_541\Debug\togglelib.o
LOAD .\CortexM0\ARM_GCC_541\Debug\cyfitter_cfg.o
LOAD .\CortexM0\ARM_GCC_541\Debug\cybootloader.o
LOAD .\CortexM0\ARM_GCC_541\Debug\cymetadata.o
LOAD .\CortexM0\ARM_GCC_541\Debug\Cm0Start.o
LOAD .\CortexM0\ARM_GCC_541\Debug\Defcon_Badge.a
LOAD C:\Program Files (x86)\Cypress\PSoC Creator\4.1\PSoC Creator\psoc\content\cycomponentlibrary\CyComponentLibrary.cylib\CortexM0\ARM_GCC_541\Debug\CyComponentLibrary.a
END GROUP
START GROUP
LOAD c:/program files (x86)/cypress/psoc creator/4.1/psoc creator/import/gnu/arm/5.4.1/bin/../lib/gcc/arm-none-eabi/5.4.1/armv6-m\libgcc.a
LOAD c:/program files (x86)/cypress/psoc creator/4.1/psoc creator/import/gnu/arm/5.4.1/bin/../lib/gcc/arm-none-eabi/5.4.1/../../../../arm-none-eabi/lib/armv6-m\libg_nano.a
LOAD c:/program files (x86)/cypress/psoc creator/4.1/psoc creator/import/gnu/arm/5.4.1/bin/../lib/gcc/arm-none-eabi/5.4.1/../../../../arm-none-eabi/lib/armv6-m\libc_nano.a
END GROUP
START GROUP
LOAD c:/program files (x86)/cypress/psoc creator/4.1/psoc creator/import/gnu/arm/5.4.1/bin/../lib/gcc/arm-none-eabi/5.4.1/armv6-m\libgcc.a
LOAD c:/program files (x86)/cypress/psoc creator/4.1/psoc creator/import/gnu/arm/5.4.1/bin/../lib/gcc/arm-none-eabi/5.4.1/../../../../arm-none-eabi/lib/armv6-m\libc_nano.a
END GROUP
LOAD c:/program files (x86)/cypress/psoc creator/4.1/psoc creator/import/gnu/arm/5.4.1/bin/../lib/gcc/arm-none-eabi/5.4.1/armv6-m/crtend.o
LOAD c:/program files (x86)/cypress/psoc creator/4.1/psoc creator/import/gnu/arm/5.4.1/bin/../lib/gcc/arm-none-eabi/5.4.1/armv6-m/crtn.o
START GROUP
LOAD c:/program files (x86)/cypress/psoc creator/4.1/psoc creator/import/gnu/arm/5.4.1/bin/../lib/gcc/arm-none-eabi/5.4.1/armv6-m\libgcc.a
LOAD c:/program files (x86)/cypress/psoc creator/4.1/psoc creator/import/gnu/arm/5.4.1/bin/../lib/gcc/arm-none-eabi/5.4.1/../../../../arm-none-eabi/lib/armv6-m\libc.a
LOAD c:/program files (x86)/cypress/psoc creator/4.1/psoc creator/import/gnu/arm/5.4.1/bin/../lib/gcc/arm-none-eabi/5.4.1/../../../../arm-none-eabi/lib/armv6-m\libnosys.a
END GROUP
                0x00000000                CY_APPL_ORIGIN = 0x0
                0x00000080                CY_FLASH_ROW_SIZE = 0x80
                0x00000001                CY_APPL_NUM = 0x1
                0x00000001                CY_APPL_MAX = 0x1
                0x00000040                CY_METADATA_SIZE = 0x40
                0x00000001                CY_APPL_LOADABLE = 0x1
                0x00000000                CY_CHECKSUM_EXCLUDE_SIZE = ALIGN (0x0, CY_FLASH_ROW_SIZE)
                0x00000000                CY_APP_FOR_STACK_AND_COPIER = 0x0
                [!provide]                PROVIDE (__cy_heap_start, _end)
                0x00000001                PROVIDE (__cy_region_num, ((__cy_regions_end - __cy_regions) / 0x10))
                0x20001000                PROVIDE (__cy_stack, (ORIGIN (ram) + LENGTH (ram)))
                [!provide]                PROVIDE (__cy_heap_end, (__cy_stack - 0x400))

.cybootloader   0x00000000     0x1080
 *(.cybootloader)
 .cybootloader  0x00000000     0x1080 .\CortexM0\ARM_GCC_541\Debug\cybootloader.o
                0x00000000                cy_bootloader
                0x00001080                appl1_start = CY_APPL_ORIGIN?CY_APPL_ORIGIN:ALIGN (CY_FLASH_ROW_SIZE)
                0x00004800                appl2_start = (appl1_start + ALIGN ((((LENGTH (rom) - appl1_start) - (0x2 * CY_FLASH_ROW_SIZE)) / 0x2), CY_FLASH_ROW_SIZE))
                0x00001080                appl_start = (CY_APPL_NUM == 0x1)?appl1_start:appl2_start
                0x00000000                cy_project_type_bootloader = (appl_start == 0x0)?0x1:0x0
                0x00000000                cy_project_type_app_for_stack_and_copier = (CY_APP_FOR_STACK_AND_COPIER == 0x1)?0x1:0x0

.text           0x00001080     0x2a60
 CREATE_OBJECT_SYMBOLS
                0x00001080                PROVIDE (__cy_interrupt_vector, RomVectors)
 *(.romvectors)
 .romvectors    0x00001080       0x10 .\CortexM0\ARM_GCC_541\Debug\Cm0Start.o
                0x00001080                RomVectors
                0x00000001                ASSERT ((. != __cy_interrupt_vector), No interrupt vector)
                0x00000001                ASSERT (CY_APPL_ORIGIN?(SIZEOF (.cybootloader) <= CY_APPL_ORIGIN):0x1, Wrong image location)
                0x00001090                PROVIDE (__cy_reset, Reset)
 *(.text.Reset)
 .text.Reset    0x00001090       0x14 .\CortexM0\ARM_GCC_541\Debug\Cm0Start.o
                0x00001090                Reset
                0x00000001                ASSERT ((. != __cy_reset), No reset code)
 *(.psocinit)
 .psocinit      0x000010a4      0x230 .\CortexM0\ARM_GCC_541\Debug\cyfitter_cfg.o
                0x00001118                cyfitter_cfg
                0x000012d4                . = MAX (., 0x100)
 *(.text .text.* .gnu.linkonce.t.*)
 .text          0x000012d4       0x60 c:/program files (x86)/cypress/psoc creator/4.1/psoc creator/import/gnu/arm/5.4.1/bin/../lib/gcc/arm-none-eabi/5.4.1/armv6-m/crtbegin.o
 .text.main     0x00001334       0x60 .\CortexM0\ARM_GCC_541\Debug\main.o
                0x00001334                main
 .text.blink_zero
                0x00001394       0x38 .\CortexM0\ARM_GCC_541\Debug\binary.o
                0x00001394                blink_zero
 .text.blink_one
                0x000013cc       0x38 .\CortexM0\ARM_GCC_541\Debug\binary.o
                0x000013cc                blink_one
 .text.binary_encode
                0x00001404      0x504 .\CortexM0\ARM_GCC_541\Debug\binary.o
                0x00001404                binary_encode
 .text.binary_message
                0x00001908       0x48 .\CortexM0\ARM_GCC_541\Debug\binary.o
                0x00001908                binary_message
 .text.set_color
                0x00001950       0x64 .\CortexM0\ARM_GCC_541\Debug\lightlib.o
                0x00001950                set_color
 .text.set_status
                0x000019b4       0x84 .\CortexM0\ARM_GCC_541\Debug\lightlib.o
                0x000019b4                set_status
 .text.get_color
                0x00001a38       0x3c .\CortexM0\ARM_GCC_541\Debug\lightlib.o
                0x00001a38                get_color
 .text.turn_on  0x00001a74      0x140 .\CortexM0\ARM_GCC_541\Debug\lightlib.o
                0x00001a74                turn_on
 .text.turn_off
                0x00001bb4       0x8c .\CortexM0\ARM_GCC_541\Debug\lightlib.o
                0x00001bb4                turn_off
 .text.turn_off_all_led
                0x00001c40       0x24 .\CortexM0\ARM_GCC_541\Debug\lightlib.o
                0x00001c40                turn_off_all_led
 .text.init_led
                0x00001c64       0x30 .\CortexM0\ARM_GCC_541\Debug\lightlib.o
                0x00001c64                init_led
 .text.blinkdot
                0x00001c94       0x44 .\CortexM0\ARM_GCC_541\Debug\morse.o
                0x00001c94                blinkdot
 .text.blinkdash
                0x00001cd8       0x48 .\CortexM0\ARM_GCC_541\Debug\morse.o
                0x00001cd8                blinkdash
 .text.char_separate
                0x00001d20       0x20 .\CortexM0\ARM_GCC_541\Debug\morse.o
                0x00001d20                char_separate
 .text.morse_encode
                0x00001d40      0x6d4 .\CortexM0\ARM_GCC_541\Debug\morse.o
                0x00001d40                morse_encode
 .text.morse_message
                0x00002414       0x54 .\CortexM0\ARM_GCC_541\Debug\morse.o
                0x00002414                morse_message
 .text.verify_state
                0x00002468       0x2c .\CortexM0\ARM_GCC_541\Debug\state.o
                0x00002468                verify_state
 .text.SWL_Handler
                0x00002494       0x6c .\CortexM0\ARM_GCC_541\Debug\togglelib.o
                0x00002494                SWL_Handler
 .text.SWR_Handler
                0x00002500       0x6c .\CortexM0\ARM_GCC_541\Debug\togglelib.o
                0x00002500                SWR_Handler
 .text.SWB_Handler
                0x0000256c       0x1c .\CortexM0\ARM_GCC_541\Debug\togglelib.o
                0x0000256c                SWB_Handler
 .text.DEFCON_Handler
                0x00002588       0xbc .\CortexM0\ARM_GCC_541\Debug\togglelib.o
                0x00002588                DEFCON_Handler
 .text.enable_toggle_interrupts
                0x00002644       0x48 .\CortexM0\ARM_GCC_541\Debug\togglelib.o
                0x00002644                enable_toggle_interrupts
 .text.CYMEMZERO
                0x0000268c       0x20 .\CortexM0\ARM_GCC_541\Debug\cyfitter_cfg.o
 .text.cfg_write_bytes32
                0x000026ac       0x84 .\CortexM0\ARM_GCC_541\Debug\cyfitter_cfg.o
 .text.AnalogSetDefault
                0x00002730        0xc .\CortexM0\ARM_GCC_541\Debug\cyfitter_cfg.o
 .text.IntDefaultHandler
                0x0000273c       0x14 .\CortexM0\ARM_GCC_541\Debug\Cm0Start.o
                0x0000273c                IntDefaultHandler
 .text._sbrk    0x00002750       0x50 .\CortexM0\ARM_GCC_541\Debug\Cm0Start.o
                0x00002750                _sbrk
 .text.Start_c  0x000027a0       0x98 .\CortexM0\ARM_GCC_541\Debug\Cm0Start.o
                0x000027a0                Start_c
 .text.initialize_psoc
                0x00002838       0x78 .\CortexM0\ARM_GCC_541\Debug\Cm0Start.o
                0x00002838                initialize_psoc
 .text.Board_LED_Write
                0x000028b0       0x50 .\CortexM0\ARM_GCC_541\Debug\Defcon_Badge.a(Board_LED.o)
                0x000028b0                Board_LED_Write
 .text.IR_LED_Write
                0x00002900       0x50 .\CortexM0\ARM_GCC_541\Debug\Defcon_Badge.a(IR_LED.o)
                0x00002900                IR_LED_Write
 .text.SWL_ClearInterrupt
                0x00002950       0x30 .\CortexM0\ARM_GCC_541\Debug\Defcon_Badge.a(SWL.o)
                0x00002950                SWL_ClearInterrupt
 .text.SWL_Int_StartEx
                0x00002980       0x28 .\CortexM0\ARM_GCC_541\Debug\Defcon_Badge.a(SWL_Int.o)
                0x00002980                SWL_Int_StartEx
 .text.SWL_Int_SetVector
                0x000029a8       0x1c .\CortexM0\ARM_GCC_541\Debug\Defcon_Badge.a(SWL_Int.o)
                0x000029a8                SWL_Int_SetVector
 .text.SWL_Int_SetPriority
                0x000029c4       0x4c .\CortexM0\ARM_GCC_541\Debug\Defcon_Badge.a(SWL_Int.o)
                0x000029c4                SWL_Int_SetPriority
 .text.SWL_Int_Enable
                0x00002a10       0x14 .\CortexM0\ARM_GCC_541\Debug\Defcon_Badge.a(SWL_Int.o)
                0x00002a10                SWL_Int_Enable
 .text.SWL_Int_Disable
                0x00002a24       0x14 .\CortexM0\ARM_GCC_541\Debug\Defcon_Badge.a(SWL_Int.o)
                0x00002a24                SWL_Int_Disable
 .text.SWR_ClearInterrupt
                0x00002a38       0x30 .\CortexM0\ARM_GCC_541\Debug\Defcon_Badge.a(SWR.o)
                0x00002a38                SWR_ClearInterrupt
 .text.SWR_Int_StartEx
                0x00002a68       0x28 .\CortexM0\ARM_GCC_541\Debug\Defcon_Badge.a(SWR_Int.o)
                0x00002a68                SWR_Int_StartEx
 .text.SWR_Int_SetVector
                0x00002a90       0x1c .\CortexM0\ARM_GCC_541\Debug\Defcon_Badge.a(SWR_Int.o)
                0x00002a90                SWR_Int_SetVector
 .text.SWR_Int_SetPriority
                0x00002aac       0x50 .\CortexM0\ARM_GCC_541\Debug\Defcon_Badge.a(SWR_Int.o)
                0x00002aac                SWR_Int_SetPriority
 .text.SWR_Int_Enable
                0x00002afc       0x14 .\CortexM0\ARM_GCC_541\Debug\Defcon_Badge.a(SWR_Int.o)
                0x00002afc                SWR_Int_Enable
 .text.SWR_Int_Disable
                0x00002b10       0x14 .\CortexM0\ARM_GCC_541\Debug\Defcon_Badge.a(SWR_Int.o)
                0x00002b10                SWR_Int_Disable
 .text.SWB_ClearInterrupt
                0x00002b24       0x30 .\CortexM0\ARM_GCC_541\Debug\Defcon_Badge.a(SWB.o)
                0x00002b24                SWB_ClearInterrupt
 .text.SWB_Int_StartEx
                0x00002b54       0x28 .\CortexM0\ARM_GCC_541\Debug\Defcon_Badge.a(SWB_Int.o)
                0x00002b54                SWB_Int_StartEx
 .text.SWB_Int_SetVector
                0x00002b7c       0x1c .\CortexM0\ARM_GCC_541\Debug\Defcon_Badge.a(SWB_Int.o)
                0x00002b7c                SWB_Int_SetVector
 .text.SWB_Int_SetPriority
                0x00002b98       0x50 .\CortexM0\ARM_GCC_541\Debug\Defcon_Badge.a(SWB_Int.o)
                0x00002b98                SWB_Int_SetPriority
 .text.SWB_Int_Enable
                0x00002be8       0x14 .\CortexM0\ARM_GCC_541\Debug\Defcon_Badge.a(SWB_Int.o)
                0x00002be8                SWB_Int_Enable
 .text.SWB_Int_Disable
                0x00002bfc       0x14 .\CortexM0\ARM_GCC_541\Debug\Defcon_Badge.a(SWB_Int.o)
                0x00002bfc                SWB_Int_Disable
 .text.Left_LED_Green_Write
                0x00002c10       0x48 .\CortexM0\ARM_GCC_541\Debug\Defcon_Badge.a(Left_LED_Green.o)
                0x00002c10                Left_LED_Green_Write
 .text.Right_LED_Green_Write
                0x00002c58       0x50 .\CortexM0\ARM_GCC_541\Debug\Defcon_Badge.a(Right_LED_Green.o)
                0x00002c58                Right_LED_Green_Write
 .text.PWM_Right_LED_Red_Start
                0x00002ca8       0x24 .\CortexM0\ARM_GCC_541\Debug\Defcon_Badge.a(PWM_Right_LED_Red.o)
                0x00002ca8                PWM_Right_LED_Red_Start
 .text.PWM_Right_LED_Red_Init
                0x00002ccc       0x84 .\CortexM0\ARM_GCC_541\Debug\Defcon_Badge.a(PWM_Right_LED_Red.o)
                0x00002ccc                PWM_Right_LED_Red_Init
 .text.PWM_Right_LED_Red_Enable
                0x00002d50       0x20 .\CortexM0\ARM_GCC_541\Debug\Defcon_Badge.a(PWM_Right_LED_Red.o)
                0x00002d50                PWM_Right_LED_Red_Enable
 .text.PWM_Right_LED_Red_Stop
                0x00002d70       0x20 .\CortexM0\ARM_GCC_541\Debug\Defcon_Badge.a(PWM_Right_LED_Red.o)
                0x00002d70                PWM_Right_LED_Red_Stop
 .text.PWM_Right_LED_Red_WriteCounter
                0x00002d90       0x20 .\CortexM0\ARM_GCC_541\Debug\Defcon_Badge.a(PWM_Right_LED_Red.o)
                0x00002d90                PWM_Right_LED_Red_WriteCounter
 .text.PWM_Right_LED_Red_ClearFIFO
                0x00002db0       0x20 .\CortexM0\ARM_GCC_541\Debug\Defcon_Badge.a(PWM_Right_LED_Red.o)
                0x00002db0                PWM_Right_LED_Red_ClearFIFO
 .text.PWM_Right_LED_Red_WritePeriod
                0x00002dd0       0x20 .\CortexM0\ARM_GCC_541\Debug\Defcon_Badge.a(PWM_Right_LED_Red.o)
                0x00002dd0                PWM_Right_LED_Red_WritePeriod
 .text.PWM_Right_LED_Red_WriteCompare
                0x00002df0       0x20 .\CortexM0\ARM_GCC_541\Debug\Defcon_Badge.a(PWM_Right_LED_Red.o)
                0x00002df0                PWM_Right_LED_Red_WriteCompare
 .text.PWM_Right_LED_Red_SetInterruptMode
                0x00002e10       0x20 .\CortexM0\ARM_GCC_541\Debug\Defcon_Badge.a(PWM_Right_LED_Red.o)
                0x00002e10                PWM_Right_LED_Red_SetInterruptMode
 .text.PWM_Right_LED_Red_ReadStatusRegister
                0x00002e30       0x14 .\CortexM0\ARM_GCC_541\Debug\Defcon_Badge.a(PWM_Right_LED_Red.o)
                0x00002e30                PWM_Right_LED_Red_ReadStatusRegister
 .text.PWM_Right_LED_Red_ReadCapture
                0x00002e44       0x14 .\CortexM0\ARM_GCC_541\Debug\Defcon_Badge.a(PWM_Right_LED_Red.o)
                0x00002e44                PWM_Right_LED_Red_ReadCapture
 .text.PWM_Left_LED_Red_Start
                0x00002e58       0x24 .\CortexM0\ARM_GCC_541\Debug\Defcon_Badge.a(PWM_Left_LED_Red.o)
                0x00002e58                PWM_Left_LED_Red_Start
 .text.PWM_Left_LED_Red_Init
                0x00002e7c       0x84 .\CortexM0\ARM_GCC_541\Debug\Defcon_Badge.a(PWM_Left_LED_Red.o)
                0x00002e7c                PWM_Left_LED_Red_Init
 .text.PWM_Left_LED_Red_Enable
                0x00002f00       0x20 .\CortexM0\ARM_GCC_541\Debug\Defcon_Badge.a(PWM_Left_LED_Red.o)
                0x00002f00                PWM_Left_LED_Red_Enable
 .text.PWM_Left_LED_Red_Stop
                0x00002f20       0x20 .\CortexM0\ARM_GCC_541\Debug\Defcon_Badge.a(PWM_Left_LED_Red.o)
                0x00002f20                PWM_Left_LED_Red_Stop
 .text.PWM_Left_LED_Red_WriteCounter
                0x00002f40       0x20 .\CortexM0\ARM_GCC_541\Debug\Defcon_Badge.a(PWM_Left_LED_Red.o)
                0x00002f40                PWM_Left_LED_Red_WriteCounter
 .text.PWM_Left_LED_Red_ClearFIFO
                0x00002f60       0x20 .\CortexM0\ARM_GCC_541\Debug\Defcon_Badge.a(PWM_Left_LED_Red.o)
                0x00002f60                PWM_Left_LED_Red_ClearFIFO
 .text.PWM_Left_LED_Red_WritePeriod
                0x00002f80       0x20 .\CortexM0\ARM_GCC_541\Debug\Defcon_Badge.a(PWM_Left_LED_Red.o)
                0x00002f80                PWM_Left_LED_Red_WritePeriod
 .text.PWM_Left_LED_Red_WriteCompare
                0x00002fa0       0x20 .\CortexM0\ARM_GCC_541\Debug\Defcon_Badge.a(PWM_Left_LED_Red.o)
                0x00002fa0                PWM_Left_LED_Red_WriteCompare
 .text.PWM_Left_LED_Red_SetInterruptMode
                0x00002fc0       0x20 .\CortexM0\ARM_GCC_541\Debug\Defcon_Badge.a(PWM_Left_LED_Red.o)
                0x00002fc0                PWM_Left_LED_Red_SetInterruptMode
 .text.PWM_Left_LED_Red_ReadStatusRegister
                0x00002fe0       0x14 .\CortexM0\ARM_GCC_541\Debug\Defcon_Badge.a(PWM_Left_LED_Red.o)
                0x00002fe0                PWM_Left_LED_Red_ReadStatusRegister
 .text.PWM_Left_LED_Red_ReadCapture
                0x00002ff4       0x14 .\CortexM0\ARM_GCC_541\Debug\Defcon_Badge.a(PWM_Left_LED_Red.o)
                0x00002ff4                PWM_Left_LED_Red_ReadCapture
 .text.Left_LED_Blue_Write
                0x00003008       0x50 .\CortexM0\ARM_GCC_541\Debug\Defcon_Badge.a(Left_LED_Blue.o)
                0x00003008                Left_LED_Blue_Write
 .text.Right_LED_Blue_Write
                0x00003058       0x4c .\CortexM0\ARM_GCC_541\Debug\Defcon_Badge.a(Right_LED_Blue.o)
                0x00003058                Right_LED_Blue_Write
 .text.CySysClkWriteImoFreq
                0x000030a4      0x1ec .\CortexM0\ARM_GCC_541\Debug\Defcon_Badge.a(CyLib.o)
                0x000030a4                CySysClkWriteImoFreq
 .text.CyHalt   0x00003290       0x18 .\CortexM0\ARM_GCC_541\Debug\Defcon_Badge.a(CyLib.o)
                0x00003290                CyHalt
 .text.CyDelay  0x000032a8       0x4c .\CortexM0\ARM_GCC_541\Debug\Defcon_Badge.a(CyLib.o)
                0x000032a8                CyDelay
 .text.CyDelayUs
                0x000032f4       0x28 .\CortexM0\ARM_GCC_541\Debug\Defcon_Badge.a(CyLib.o)
                0x000032f4                CyDelayUs
 .text.CySysPmSleep
                0x0000331c       0x34 .\CortexM0\ARM_GCC_541\Debug\Defcon_Badge.a(cyPm.o)
                0x0000331c                CySysPmSleep
 .text.PWM_Defcon_Start
                0x00003350       0x24 .\CortexM0\ARM_GCC_541\Debug\Defcon_Badge.a(PWM_Defcon.o)
                0x00003350                PWM_Defcon_Start
 .text.PWM_Defcon_Init
                0x00003374       0x98 .\CortexM0\ARM_GCC_541\Debug\Defcon_Badge.a(PWM_Defcon.o)
                0x00003374                PWM_Defcon_Init
 .text.PWM_Defcon_Enable
                0x0000340c       0x20 .\CortexM0\ARM_GCC_541\Debug\Defcon_Badge.a(PWM_Defcon.o)
                0x0000340c                PWM_Defcon_Enable
 .text.PWM_Defcon_Stop
                0x0000342c       0x20 .\CortexM0\ARM_GCC_541\Debug\Defcon_Badge.a(PWM_Defcon.o)
                0x0000342c                PWM_Defcon_Stop
 .text.PWM_Defcon_WriteCounter
                0x0000344c       0x20 .\CortexM0\ARM_GCC_541\Debug\Defcon_Badge.a(PWM_Defcon.o)
                0x0000344c                PWM_Defcon_WriteCounter
 .text.PWM_Defcon_ClearFIFO
                0x0000346c       0x20 .\CortexM0\ARM_GCC_541\Debug\Defcon_Badge.a(PWM_Defcon.o)
                0x0000346c                PWM_Defcon_ClearFIFO
 .text.PWM_Defcon_WritePeriod
                0x0000348c       0x20 .\CortexM0\ARM_GCC_541\Debug\Defcon_Badge.a(PWM_Defcon.o)
                0x0000348c                PWM_Defcon_WritePeriod
 .text.PWM_Defcon_WriteCompare
                0x000034ac       0x20 .\CortexM0\ARM_GCC_541\Debug\Defcon_Badge.a(PWM_Defcon.o)
                0x000034ac                PWM_Defcon_WriteCompare
 .text.PWM_Defcon_SetInterruptMode
                0x000034cc       0x20 .\CortexM0\ARM_GCC_541\Debug\Defcon_Badge.a(PWM_Defcon.o)
                0x000034cc                PWM_Defcon_SetInterruptMode
 .text.PWM_Defcon_ReadStatusRegister
                0x000034ec       0x14 .\CortexM0\ARM_GCC_541\Debug\Defcon_Badge.a(PWM_Defcon.o)
                0x000034ec                PWM_Defcon_ReadStatusRegister
 .text.PWM_Defcon_ReadCapture
                0x00003500       0x14 .\CortexM0\ARM_GCC_541\Debug\Defcon_Badge.a(PWM_Defcon.o)
                0x00003500                PWM_Defcon_ReadCapture
 .text.DEFCON_Int_StartEx
                0x00003514       0x28 .\CortexM0\ARM_GCC_541\Debug\Defcon_Badge.a(DEFCON_Int.o)
                0x00003514                DEFCON_Int_StartEx
 .text.DEFCON_Int_SetVector
                0x0000353c       0x1c .\CortexM0\ARM_GCC_541\Debug\Defcon_Badge.a(DEFCON_Int.o)
                0x0000353c                DEFCON_Int_SetVector
 .text.DEFCON_Int_SetPriority
                0x00003558       0x50 .\CortexM0\ARM_GCC_541\Debug\Defcon_Badge.a(DEFCON_Int.o)
                0x00003558                DEFCON_Int_SetPriority
 .text.DEFCON_Int_Enable
                0x000035a8       0x14 .\CortexM0\ARM_GCC_541\Debug\Defcon_Badge.a(DEFCON_Int.o)
                0x000035a8                DEFCON_Int_Enable
 .text.DEFCON_Int_Disable
                0x000035bc       0x14 .\CortexM0\ARM_GCC_541\Debug\Defcon_Badge.a(DEFCON_Int.o)
                0x000035bc                DEFCON_Int_Disable
 .text.DEFCON_Int_ClearPending
                0x000035d0       0x14 .\CortexM0\ARM_GCC_541\Debug\Defcon_Badge.a(DEFCON_Int.o)
                0x000035d0                DEFCON_Int_ClearPending
 *fill*         0x000035e4        0x4 
 .text          0x000035e8       0x24 .\CortexM0\ARM_GCC_541\Debug\Defcon_Badge.a(CyBootAsmGnu.o)
                0x000035e8                CyDelayCycles
                0x000035fc                CyEnterCriticalSection
                0x00003604                CyExitCriticalSection
 .text          0x0000360c      0x1d4 c:/program files (x86)/cypress/psoc creator/4.1/psoc creator/import/gnu/arm/5.4.1/bin/../lib/gcc/arm-none-eabi/5.4.1/armv6-m\libgcc.a(_divsi3.o)
                0x0000360c                __divsi3
                0x0000360c                __aeabi_idiv
                0x000037d8                __aeabi_idivmod
 .text          0x000037e0        0x4 c:/program files (x86)/cypress/psoc creator/4.1/psoc creator/import/gnu/arm/5.4.1/bin/../lib/gcc/arm-none-eabi/5.4.1/armv6-m\libgcc.a(_dvmd_tls.o)
                0x000037e0                __aeabi_idiv0
                0x000037e0                __aeabi_ldiv0
 .text.__errno  0x000037e4        0xc c:/program files (x86)/cypress/psoc creator/4.1/psoc creator/import/gnu/arm/5.4.1/bin/../lib/gcc/arm-none-eabi/5.4.1/../../../../arm-none-eabi/lib/armv6-m\libg_nano.a(lib_a-errno.o)
                0x000037e4                __errno
 .text.__libc_init_array
                0x000037f0       0x4c c:/program files (x86)/cypress/psoc creator/4.1/psoc creator/import/gnu/arm/5.4.1/bin/../lib/gcc/arm-none-eabi/5.4.1/../../../../arm-none-eabi/lib/armv6-m\libg_nano.a(lib_a-init.o)
                0x000037f0                __libc_init_array
 .text.memset   0x0000383c       0x10 c:/program files (x86)/cypress/psoc creator/4.1/psoc creator/import/gnu/arm/5.4.1/bin/../lib/gcc/arm-none-eabi/5.4.1/../../../../arm-none-eabi/lib/armv6-m\libg_nano.a(lib_a-memset.o)
                0x0000383c                memset
 .text.srand    0x0000384c       0x5c c:/program files (x86)/cypress/psoc creator/4.1/psoc creator/import/gnu/arm/5.4.1/bin/../lib/gcc/arm-none-eabi/5.4.1/../../../../arm-none-eabi/lib/armv6-m\libg_nano.a(lib_a-rand.o)
                0x0000384c                srand
 .text.rand     0x000038a8       0x78 c:/program files (x86)/cypress/psoc creator/4.1/psoc creator/import/gnu/arm/5.4.1/bin/../lib/gcc/arm-none-eabi/5.4.1/../../../../arm-none-eabi/lib/armv6-m\libg_nano.a(lib_a-rand.o)
                0x000038a8                rand
 .text          0x00003920        0xe c:/program files (x86)/cypress/psoc creator/4.1/psoc creator/import/gnu/arm/5.4.1/bin/../lib/gcc/arm-none-eabi/5.4.1/../../../../arm-none-eabi/lib/armv6-m\libg_nano.a(lib_a-strlen.o)
                0x00003920                strlen
 *fill*         0x0000392e        0x2 
 .text.time     0x00003930       0x28 c:/program files (x86)/cypress/psoc creator/4.1/psoc creator/import/gnu/arm/5.4.1/bin/../lib/gcc/arm-none-eabi/5.4.1/../../../../arm-none-eabi/lib/armv6-m\libg_nano.a(lib_a-time.o)
                0x00003930                time
 .text._gettimeofday_r
                0x00003958       0x24 c:/program files (x86)/cypress/psoc creator/4.1/psoc creator/import/gnu/arm/5.4.1/bin/../lib/gcc/arm-none-eabi/5.4.1/../../../../arm-none-eabi/lib/armv6-m\libg_nano.a(lib_a-gettimeofdayr.o)
                0x00003958                _gettimeofday_r
 .text.malloc   0x0000397c       0x14 c:/program files (x86)/cypress/psoc creator/4.1/psoc creator/import/gnu/arm/5.4.1/bin/../lib/gcc/arm-none-eabi/5.4.1/../../../../arm-none-eabi/lib/armv6-m\libg_nano.a(lib_a-malloc.o)
                0x0000397c                malloc
 .text._malloc_r
                0x00003990       0xc0 c:/program files (x86)/cypress/psoc creator/4.1/psoc creator/import/gnu/arm/5.4.1/bin/../lib/gcc/arm-none-eabi/5.4.1/../../../../arm-none-eabi/lib/armv6-m\libg_nano.a(lib_a-nano-mallocr.o)
                0x00003990                _malloc_r
 .text._sbrk_r  0x00003a50       0x24 c:/program files (x86)/cypress/psoc creator/4.1/psoc creator/import/gnu/arm/5.4.1/bin/../lib/gcc/arm-none-eabi/5.4.1/../../../../arm-none-eabi/lib/armv6-m\libg_nano.a(lib_a-sbrkr.o)
                0x00003a50                _sbrk_r
 .text.__malloc_lock
                0x00003a74        0x2 c:/program files (x86)/cypress/psoc creator/4.1/psoc creator/import/gnu/arm/5.4.1/bin/../lib/gcc/arm-none-eabi/5.4.1/../../../../arm-none-eabi/lib/armv6-m\libg_nano.a(lib_a-mlock.o)
                0x00003a74                __malloc_lock
 .text.__malloc_unlock
                0x00003a76        0x2 c:/program files (x86)/cypress/psoc creator/4.1/psoc creator/import/gnu/arm/5.4.1/bin/../lib/gcc/arm-none-eabi/5.4.1/../../../../arm-none-eabi/lib/armv6-m\libg_nano.a(lib_a-mlock.o)
                0x00003a76                __malloc_unlock
 .text          0x00003a78       0x58 c:/program files (x86)/cypress/psoc creator/4.1/psoc creator/import/gnu/arm/5.4.1/bin/../lib/gcc/arm-none-eabi/5.4.1/armv6-m\libgcc.a(_muldi3.o)
                0x00003a78                __muldi3
                0x00003a78                __aeabi_lmul
 .text._gettimeofday
                0x00003ad0       0x10 c:/program files (x86)/cypress/psoc creator/4.1/psoc creator/import/gnu/arm/5.4.1/bin/../lib/gcc/arm-none-eabi/5.4.1/../../../../arm-none-eabi/lib/armv6-m\libnosys.a(gettod.o)
                0x00003ad0                _gettimeofday
 *(.plt)
 *(.gnu.warning)
 *(.glue_7t)
 .glue_7t       0x00003ae0        0x0 linker stubs
 *(.glue_7)
 .glue_7        0x00003ae0        0x0 linker stubs
 *(.vfp11_veneer)
 .vfp11_veneer  0x00003ae0        0x0 linker stubs
 *(.bootloader)
 *(.ARM.extab* .gnu.linkonce.armextab.*)
 *(.gcc_except_table)

.v4_bx          0x00003ae0        0x0
 .v4_bx         0x00003ae0        0x0 linker stubs

.iplt           0x00003ae0        0x0
 .iplt          0x00003ae0        0x0 c:/program files (x86)/cypress/psoc creator/4.1/psoc creator/import/gnu/arm/5.4.1/bin/../lib/gcc/arm-none-eabi/5.4.1/armv6-m/crtbegin.o

.eh_frame_hdr
 *(.eh_frame_hdr)

.eh_frame       0x00003ae0        0x4
 *(.eh_frame)
 .eh_frame      0x00003ae0        0x0 c:/program files (x86)/cypress/psoc creator/4.1/psoc creator/import/gnu/arm/5.4.1/bin/../lib/gcc/arm-none-eabi/5.4.1/armv6-m/crtbegin.o
 .eh_frame      0x00003ae0        0x4 c:/program files (x86)/cypress/psoc creator/4.1/psoc creator/import/gnu/arm/5.4.1/bin/../lib/gcc/arm-none-eabi/5.4.1/armv6-m/crtend.o
                [!provide]                PROVIDE (__exidx_start, .)

.ARM.exidx
 *(.ARM.exidx* .gnu.linkonce.armexidx.*)
                0x00003ae4                __exidx_end = .

.rodata         0x00003ae4      0x684
 *(.rodata .rodata.* .gnu.linkonce.r.*)
 .rodata        0x00003ae4        0x9 .\CortexM0\ARM_GCC_541\Debug\main.o
 *fill*         0x00003aed        0x3 
 .rodata        0x00003af0      0x1c4 .\CortexM0\ARM_GCC_541\Debug\binary.o
 .rodata        0x00003cb4       0x88 .\CortexM0\ARM_GCC_541\Debug\lightlib.o
 .rodata        0x00003d3c      0x1c4 .\CortexM0\ARM_GCC_541\Debug\morse.o
 .rodata        0x00003f00      0x1fe .\CortexM0\ARM_GCC_541\Debug\cyfitter_cfg.o
 *fill*         0x000040fe        0x2 
 .rodata        0x00004100       0x2e .\CortexM0\ARM_GCC_541\Debug\Defcon_Badge.a(CyLib.o)
                0x00004100                cyImoFreqMhz2Reg
 .rodata.str1.1
                0x0000412e        0x2 c:/program files (x86)/cypress/psoc creator/4.1/psoc creator/import/gnu/arm/5.4.1/bin/../lib/gcc/arm-none-eabi/5.4.1/../../../../arm-none-eabi/lib/armv6-m\libg_nano.a(lib_a-impure.o)
                0x00004130                . = ALIGN (0x4)
 *(.init)
 .init          0x00004130        0x4 c:/program files (x86)/cypress/psoc creator/4.1/psoc creator/import/gnu/arm/5.4.1/bin/../lib/gcc/arm-none-eabi/5.4.1/armv6-m/crti.o
                0x00004130                _init
 .init          0x00004134        0x8 c:/program files (x86)/cypress/psoc creator/4.1/psoc creator/import/gnu/arm/5.4.1/bin/../lib/gcc/arm-none-eabi/5.4.1/armv6-m/crtn.o
                0x0000413c                . = ALIGN (0x4)
                0x0000413c                __preinit_array_start = .
 *(.preinit_array)
                0x0000413c                __preinit_array_end = .
                0x0000413c                . = ALIGN (0x4)
                0x0000413c                __init_array_start = .
 *(SORT(.init_array.*))
 *(.init_array)
 .init_array    0x0000413c        0x4 c:/program files (x86)/cypress/psoc creator/4.1/psoc creator/import/gnu/arm/5.4.1/bin/../lib/gcc/arm-none-eabi/5.4.1/armv6-m/crtbegin.o
 .init_array    0x00004140        0x4 .\CortexM0\ARM_GCC_541\Debug\Cm0Start.o
                0x00004144                __init_array_end = .
                0x00004144                . = ALIGN (0x4)
 *(.fini)
 .fini          0x00004144        0x4 c:/program files (x86)/cypress/psoc creator/4.1/psoc creator/import/gnu/arm/5.4.1/bin/../lib/gcc/arm-none-eabi/5.4.1/armv6-m/crti.o
                0x00004144                _fini
 .fini          0x00004148        0x8 c:/program files (x86)/cypress/psoc creator/4.1/psoc creator/import/gnu/arm/5.4.1/bin/../lib/gcc/arm-none-eabi/5.4.1/armv6-m/crtn.o
                0x00004150                . = ALIGN (0x4)
                0x00004150                __fini_array_start = .
 *(.fini_array)
 .fini_array    0x00004150        0x4 c:/program files (x86)/cypress/psoc creator/4.1/psoc creator/import/gnu/arm/5.4.1/bin/../lib/gcc/arm-none-eabi/5.4.1/armv6-m/crtbegin.o
 *(SORT(.fini_array.*))
                0x00004154                __fini_array_end = .
                0x00004154                . = ALIGN (0x4)
 *crtbegin.o(.ctors)
 *(EXCLUDE_FILE(*crtend.o) .ctors)
 *(SORT(.ctors.*))
 *crtend.o(.ctors)
                0x00004154                . = ALIGN (0x4)
 *crtbegin.o(.dtors)
 *(EXCLUDE_FILE(*crtend.o) .dtors)
 *(SORT(.dtors.*))
 *crtend.o(.dtors)
                0x00004154                . = ALIGN (0x4)
                0x00004154                __cy_regions = .
                0x00004154        0x4 LONG 0x4168 __cy_region_init_ram
                0x00004158        0x4 LONG 0x200000d0 __cy_region_start_data
                0x0000415c        0x4 LONG 0x80 __cy_region_init_size_ram
                0x00004160        0x4 LONG 0x40 __cy_region_zero_size_ram
                0x00004164                __cy_regions_end = .
                0x00004168                . = ALIGN (0x8)
 *fill*         0x00004164        0x4 
                0x00004168                _etext = .

.ramvectors     0x20000000       0xc0
                0x20000000                __cy_region_start_ram = .
 *(.ramvectors)
 .ramvectors    0x20000000       0xc0 .\CortexM0\ARM_GCC_541\Debug\Cm0Start.o
                0x20000000                CyRamVectors

.btldr_run      0x200000c0        0x4
 *(.bootloaderruntype)
 .bootloaderruntype
                0x200000c0        0x4 .\CortexM0\ARM_GCC_541\Debug\Cm0Start.o
                0x200000c0                cyBtldrRunType

.noinit         0x200000c8        0x4
 *(.noinit)
 .noinit        0x200000c8        0x4 .\CortexM0\ARM_GCC_541\Debug\Cm0Start.o

.data           0x200000d0       0x80 load address 0x00004168
                0x200000d0                __cy_region_start_data = .
 *(.jcr)
 .jcr           0x200000d0        0x0 c:/program files (x86)/cypress/psoc creator/4.1/psoc creator/import/gnu/arm/5.4.1/bin/../lib/gcc/arm-none-eabi/5.4.1/armv6-m/crtbegin.o
 .jcr           0x200000d0        0x4 c:/program files (x86)/cypress/psoc creator/4.1/psoc creator/import/gnu/arm/5.4.1/bin/../lib/gcc/arm-none-eabi/5.4.1/armv6-m/crtend.o
 *(.got.plt)
 *(.got)
 *(.shdata)
 *(.data .data.* .gnu.linkonce.d.*)
 .data          0x200000d4        0x4 .\CortexM0\ARM_GCC_541\Debug\Cm0Start.o
 .data          0x200000d8       0x14 .\CortexM0\ARM_GCC_541\Debug\Defcon_Badge.a(CyLib.o)
                0x200000d8                cydelayFreqHz
                0x200000dc                cydelayFreqKhz
                0x200000e0                cydelayFreqMhz
                0x200000e4                cydelay32kMs
                0x200000e8                CySysClkPumpConfig
 .data.impure_data
                0x200000ec       0x60 c:/program files (x86)/cypress/psoc creator/4.1/psoc creator/import/gnu/arm/5.4.1/bin/../lib/gcc/arm-none-eabi/5.4.1/../../../../arm-none-eabi/lib/armv6-m\libg_nano.a(lib_a-impure.o)
 .data._impure_ptr
                0x2000014c        0x4 c:/program files (x86)/cypress/psoc creator/4.1/psoc creator/import/gnu/arm/5.4.1/bin/../lib/gcc/arm-none-eabi/5.4.1/../../../../arm-none-eabi/lib/armv6-m\libg_nano.a(lib_a-impure.o)
                0x2000014c                _impure_ptr
                0x20000150                . = ALIGN (0x8)
 *(.ram)
                0x20000150                _edata = .

.igot.plt       0x20000150        0x0 load address 0x000041e8
 .igot.plt      0x20000150        0x0 c:/program files (x86)/cypress/psoc creator/4.1/psoc creator/import/gnu/arm/5.4.1/bin/../lib/gcc/arm-none-eabi/5.4.1/armv6-m/crtbegin.o

.bss            0x20000150       0x40 load address 0x000041e8
                0x20000150                PROVIDE (__bss_start__, .)
 *(.shbss)
 *(.bss .bss.* .gnu.linkonce.b.*)
 .bss           0x20000150       0x1c c:/program files (x86)/cypress/psoc creator/4.1/psoc creator/import/gnu/arm/5.4.1/bin/../lib/gcc/arm-none-eabi/5.4.1/armv6-m/crtbegin.o
 .bss           0x2000016c        0x1 .\CortexM0\ARM_GCC_541\Debug\state.o
                0x2000016c                badge_state
 .bss           0x2000016d        0x1 .\CortexM0\ARM_GCC_541\Debug\Defcon_Badge.a(PWM_Right_LED_Red.o)
                0x2000016d                PWM_Right_LED_Red_initVar
 .bss           0x2000016e        0x1 .\CortexM0\ARM_GCC_541\Debug\Defcon_Badge.a(PWM_Left_LED_Red.o)
                0x2000016e                PWM_Left_LED_Red_initVar
 .bss           0x2000016f        0x1 .\CortexM0\ARM_GCC_541\Debug\Defcon_Badge.a(PWM_Defcon.o)
                0x2000016f                PWM_Defcon_initVar
 .bss.__malloc_sbrk_start
                0x20000170        0x4 c:/program files (x86)/cypress/psoc creator/4.1/psoc creator/import/gnu/arm/5.4.1/bin/../lib/gcc/arm-none-eabi/5.4.1/../../../../arm-none-eabi/lib/armv6-m\libg_nano.a(lib_a-nano-mallocr.o)
                0x20000170                __malloc_sbrk_start
 .bss.__malloc_free_list
                0x20000174        0x4 c:/program files (x86)/cypress/psoc creator/4.1/psoc creator/import/gnu/arm/5.4.1/bin/../lib/gcc/arm-none-eabi/5.4.1/../../../../arm-none-eabi/lib/armv6-m\libg_nano.a(lib_a-nano-mallocr.o)
                0x20000174                __malloc_free_list
 *(COMMON)
 COMMON         0x20000178        0xe .\CortexM0\ARM_GCC_541\Debug\lightlib.o
                0x20000178                Board_LED_State
                0x2000017c                IR_LED_State
                0x20000180                Right_LED_State
                0x20000184                Left_LED_State
 *fill*         0x20000186        0x2 
 COMMON         0x20000188        0x4 c:/program files (x86)/cypress/psoc creator/4.1/psoc creator/import/gnu/arm/5.4.1/bin/../lib/gcc/arm-none-eabi/5.4.1/../../../../arm-none-eabi/lib/armv6-m\libg_nano.a(lib_a-reent.o)
                0x20000188                errno
                0x20000190                . = ALIGN (0x8)
 *fill*         0x2000018c        0x4 
 *(.ram.b)
                0x20000190                _end = .
                0x20000190                __end = .
                0x20000190                PROVIDE (end, .)
                0x20000190                PROVIDE (__bss_end__, .)
                0x00004168                __cy_region_init_ram = LOADADDR (.data)
                0x00000080                __cy_region_init_size_ram = (_edata - ADDR (.data))
                0x00000040                __cy_region_zero_size_ram = (_end - _edata)

.heap           0x20000190       0x80 load address 0x000041e8
                0x20000190                . = _end
                0x20000210                . = (. + 0x80)
 *fill*         0x20000190       0x80 
                0x20000210                __cy_heap_limit = .

.stack          0x20000c00      0x400
                0x20000c00                __cy_stack_limit = .
                0x20001000                . = (. + 0x400)
 *fill*         0x20000c00      0x400 
                0x00000001                ASSERT ((__cy_stack_limit >= __cy_heap_limit), region RAM overflowed with stack)

.cy_checksum_exclude
                0x00007f80        0x0
 *(.cy_checksum_exclude)
                0x00000000                cy_checksum_exclude_size = (CY_APPL_LOADABLE == 0x1)?SIZEOF (.cy_checksum_exclude):0x0
                0x00000001                ASSERT ((cy_checksum_exclude_size <= CY_CHECKSUM_EXCLUDE_SIZE), CY_BOOT: Section .cy_checksum_exclude size exceedes specified limit.)
                0xf0000000                cyloadermeta_start = (cy_project_type_bootloader || cy_project_type_app_for_stack_and_copier)?(LENGTH (rom) - CY_METADATA_SIZE):0xf0000000

.cyloadermeta   0xf0000000       0x40
 *(.cyloadermeta)
 .cyloadermeta  0xf0000000       0x40 .\CortexM0\ARM_GCC_541\Debug\cybootloader.o
                0xf0000000                cy_meta_loader
                0x00007fc0                cyloadablemeta_start = cy_project_type_app_for_stack_and_copier?((LENGTH (rom) - CY_FLASH_ROW_SIZE) - CY_METADATA_SIZE):((LENGTH (rom) - (CY_FLASH_ROW_SIZE * (CY_APPL_NUM - 0x1))) - CY_METADATA_SIZE)

.cyloadablemeta
                0x00007fc0       0x40
 *(.cyloadablemeta)
 .cyloadablemeta
                0x00007fc0       0x40 .\CortexM0\ARM_GCC_541\Debug\cymetadata.o
                0x00007fc0                cy_meta_loadable

.cyflashprotect
                0x90400000       0x20
 *(.cyflashprotect)
 .cyflashprotect
                0x90400000       0x20 .\CortexM0\ARM_GCC_541\Debug\cybootloader.o
                0x90400000                cy_meta_flashprotect

.cymeta         0x90500000        0xc
 *(.cymeta)
 .cymeta        0x90500000        0xc .\CortexM0\ARM_GCC_541\Debug\cybootloader.o
                0x90500000                cy_metadata

.cychipprotect  0x90600000        0x1
 *(.cychipprotect)
 .cychipprotect
                0x90600000        0x1 .\CortexM0\ARM_GCC_541\Debug\cybootloader.o
                0x90600000                cy_meta_chipprotect

.rel.dyn        0x00008000        0x0 load address 0x90600004
 .rel.iplt      0x00008000        0x0 c:/program files (x86)/cypress/psoc creator/4.1/psoc creator/import/gnu/arm/5.4.1/bin/../lib/gcc/arm-none-eabi/5.4.1/armv6-m/crtbegin.o

.stab           0x00000000       0x24
 *(.stab)
 .stab          0x00000000       0x24 c:/program files (x86)/cypress/psoc creator/4.1/psoc creator/import/gnu/arm/5.4.1/bin/../lib/gcc/arm-none-eabi/5.4.1/../../../../arm-none-eabi/lib/armv6-m\libnosys.a(gettod.o)

.stabstr        0x00000000       0x4e
 *(.stabstr)
 .stabstr       0x00000000       0x4e c:/program files (x86)/cypress/psoc creator/4.1/psoc creator/import/gnu/arm/5.4.1/bin/../lib/gcc/arm-none-eabi/5.4.1/../../../../arm-none-eabi/lib/armv6-m\libnosys.a(gettod.o)

.debug
 *(.debug)

.line
 *(.line)

.debug_srcinfo
 *(.debug_srcinfo)

.debug_sfnames
 *(.debug_sfnames)

.debug_aranges  0x00000000      0xa68
 *(.debug_aranges)
 .debug_aranges
                0x00000000       0x20 .\CortexM0\ARM_GCC_541\Debug\main.o
 .debug_aranges
                0x00000020       0x38 .\CortexM0\ARM_GCC_541\Debug\binary.o
 .debug_aranges
                0x00000058       0x60 .\CortexM0\ARM_GCC_541\Debug\lightlib.o
 .debug_aranges
                0x000000b8       0x40 .\CortexM0\ARM_GCC_541\Debug\morse.o
 .debug_aranges
                0x000000f8       0x20 .\CortexM0\ARM_GCC_541\Debug\state.o
 .debug_aranges
                0x00000118       0x40 .\CortexM0\ARM_GCC_541\Debug\togglelib.o
 .debug_aranges
                0x00000158       0x50 .\CortexM0\ARM_GCC_541\Debug\cyfitter_cfg.o
 .debug_aranges
                0x000001a8       0x18 .\CortexM0\ARM_GCC_541\Debug\cybootloader.o
 .debug_aranges
                0x000001c0       0x18 .\CortexM0\ARM_GCC_541\Debug\cymetadata.o
 .debug_aranges
                0x000001d8       0x48 .\CortexM0\ARM_GCC_541\Debug\Cm0Start.o
 .debug_aranges
                0x00000220       0x48 .\CortexM0\ARM_GCC_541\Debug\Defcon_Badge.a(Board_LED.o)
 .debug_aranges
                0x00000268       0x48 .\CortexM0\ARM_GCC_541\Debug\Defcon_Badge.a(IR_LED.o)
 .debug_aranges
                0x000002b0       0x48 .\CortexM0\ARM_GCC_541\Debug\Defcon_Badge.a(SWL.o)
 .debug_aranges
                0x000002f8       0x80 .\CortexM0\ARM_GCC_541\Debug\Defcon_Badge.a(SWL_Int.o)
 .debug_aranges
                0x00000378       0x48 .\CortexM0\ARM_GCC_541\Debug\Defcon_Badge.a(SWR.o)
 .debug_aranges
                0x000003c0       0x80 .\CortexM0\ARM_GCC_541\Debug\Defcon_Badge.a(SWR_Int.o)
 .debug_aranges
                0x00000440       0x48 .\CortexM0\ARM_GCC_541\Debug\Defcon_Badge.a(SWB.o)
 .debug_aranges
                0x00000488       0x80 .\CortexM0\ARM_GCC_541\Debug\Defcon_Badge.a(SWB_Int.o)
 .debug_aranges
                0x00000508       0x48 .\CortexM0\ARM_GCC_541\Debug\Defcon_Badge.a(Left_LED_Green.o)
 .debug_aranges
                0x00000550       0x48 .\CortexM0\ARM_GCC_541\Debug\Defcon_Badge.a(Right_LED_Green.o)
 .debug_aranges
                0x00000598       0x98 .\CortexM0\ARM_GCC_541\Debug\Defcon_Badge.a(PWM_Right_LED_Red.o)
 .debug_aranges
                0x00000630       0x98 .\CortexM0\ARM_GCC_541\Debug\Defcon_Badge.a(PWM_Left_LED_Red.o)
 .debug_aranges
                0x000006c8       0x48 .\CortexM0\ARM_GCC_541\Debug\Defcon_Badge.a(Left_LED_Blue.o)
 .debug_aranges
                0x00000710       0x48 .\CortexM0\ARM_GCC_541\Debug\Defcon_Badge.a(Right_LED_Blue.o)
 .debug_aranges
                0x00000758      0x180 .\CortexM0\ARM_GCC_541\Debug\Defcon_Badge.a(CyLib.o)
 .debug_aranges
                0x000008d8       0x58 .\CortexM0\ARM_GCC_541\Debug\Defcon_Badge.a(cyPm.o)
 .debug_aranges
                0x00000930       0x98 .\CortexM0\ARM_GCC_541\Debug\Defcon_Badge.a(PWM_Defcon.o)
 .debug_aranges
                0x000009c8       0x80 .\CortexM0\ARM_GCC_541\Debug\Defcon_Badge.a(DEFCON_Int.o)
 .debug_aranges
                0x00000a48       0x20 .\CortexM0\ARM_GCC_541\Debug\Defcon_Badge.a(CyBootAsmGnu.o)

.debug_pubnames
 *(.debug_pubnames)

.debug_info     0x00000000     0x3b5c
 *(.debug_info .gnu.linkonce.wi.*)
 .debug_info    0x00000000       0xc0 .\CortexM0\ARM_GCC_541\Debug\main.o
 .debug_info    0x000000c0      0x108 .\CortexM0\ARM_GCC_541\Debug\binary.o
 .debug_info    0x000001c8      0x269 .\CortexM0\ARM_GCC_541\Debug\lightlib.o
 .debug_info    0x00000431      0x168 .\CortexM0\ARM_GCC_541\Debug\morse.o
 .debug_info    0x00000599       0xd9 .\CortexM0\ARM_GCC_541\Debug\state.o
 .debug_info    0x00000672      0x18b .\CortexM0\ARM_GCC_541\Debug\togglelib.o
 .debug_info    0x000007fd      0x35e .\CortexM0\ARM_GCC_541\Debug\cyfitter_cfg.o
 .debug_info    0x00000b5b      0x153 .\CortexM0\ARM_GCC_541\Debug\cybootloader.o
 .debug_info    0x00000cae       0xac .\CortexM0\ARM_GCC_541\Debug\cymetadata.o
 .debug_info    0x00000d5a      0x323 .\CortexM0\ARM_GCC_541\Debug\Cm0Start.o
 .debug_info    0x0000107d      0x19a .\CortexM0\ARM_GCC_541\Debug\Defcon_Badge.a(Board_LED.o)
 .debug_info    0x00001217      0x19a .\CortexM0\ARM_GCC_541\Debug\Defcon_Badge.a(IR_LED.o)
 .debug_info    0x000013b1      0x19a .\CortexM0\ARM_GCC_541\Debug\Defcon_Badge.a(SWL.o)
 .debug_info    0x0000154b      0x24d .\CortexM0\ARM_GCC_541\Debug\Defcon_Badge.a(SWL_Int.o)
 .debug_info    0x00001798      0x19a .\CortexM0\ARM_GCC_541\Debug\Defcon_Badge.a(SWR.o)
 .debug_info    0x00001932      0x24d .\CortexM0\ARM_GCC_541\Debug\Defcon_Badge.a(SWR_Int.o)
 .debug_info    0x00001b7f      0x19a .\CortexM0\ARM_GCC_541\Debug\Defcon_Badge.a(SWB.o)
 .debug_info    0x00001d19      0x24d .\CortexM0\ARM_GCC_541\Debug\Defcon_Badge.a(SWB_Int.o)
 .debug_info    0x00001f66      0x19a .\CortexM0\ARM_GCC_541\Debug\Defcon_Badge.a(Left_LED_Green.o)
 .debug_info    0x00002100      0x19a .\CortexM0\ARM_GCC_541\Debug\Defcon_Badge.a(Right_LED_Green.o)
 .debug_info    0x0000229a      0x28a .\CortexM0\ARM_GCC_541\Debug\Defcon_Badge.a(PWM_Right_LED_Red.o)
 .debug_info    0x00002524      0x28a .\CortexM0\ARM_GCC_541\Debug\Defcon_Badge.a(PWM_Left_LED_Red.o)
 .debug_info    0x000027ae      0x19a .\CortexM0\ARM_GCC_541\Debug\Defcon_Badge.a(Left_LED_Blue.o)
 .debug_info    0x00002948      0x19a .\CortexM0\ARM_GCC_541\Debug\Defcon_Badge.a(Right_LED_Blue.o)
 .debug_info    0x00002ae2      0x8ef .\CortexM0\ARM_GCC_541\Debug\Defcon_Badge.a(CyLib.o)
 .debug_info    0x000033d1      0x204 .\CortexM0\ARM_GCC_541\Debug\Defcon_Badge.a(cyPm.o)
 .debug_info    0x000035d5      0x2a7 .\CortexM0\ARM_GCC_541\Debug\Defcon_Badge.a(PWM_Defcon.o)
 .debug_info    0x0000387c      0x24d .\CortexM0\ARM_GCC_541\Debug\Defcon_Badge.a(DEFCON_Int.o)
 .debug_info    0x00003ac9       0x93 .\CortexM0\ARM_GCC_541\Debug\Defcon_Badge.a(CyBootAsmGnu.o)

.debug_abbrev   0x00000000     0x19ca
 *(.debug_abbrev)
 .debug_abbrev  0x00000000       0x67 .\CortexM0\ARM_GCC_541\Debug\main.o
 .debug_abbrev  0x00000067       0xaa .\CortexM0\ARM_GCC_541\Debug\binary.o
 .debug_abbrev  0x00000111       0xca .\CortexM0\ARM_GCC_541\Debug\lightlib.o
 .debug_abbrev  0x000001db       0xc6 .\CortexM0\ARM_GCC_541\Debug\morse.o
 .debug_abbrev  0x000002a1       0x7a .\CortexM0\ARM_GCC_541\Debug\state.o
 .debug_abbrev  0x0000031b       0xa6 .\CortexM0\ARM_GCC_541\Debug\togglelib.o
 .debug_abbrev  0x000003c1      0x18a .\CortexM0\ARM_GCC_541\Debug\cyfitter_cfg.o
 .debug_abbrev  0x0000054b       0x77 .\CortexM0\ARM_GCC_541\Debug\cybootloader.o
 .debug_abbrev  0x000005c2       0x5d .\CortexM0\ARM_GCC_541\Debug\cymetadata.o
 .debug_abbrev  0x0000061f      0x1d9 .\CortexM0\ARM_GCC_541\Debug\Cm0Start.o
 .debug_abbrev  0x000007f8       0xaa .\CortexM0\ARM_GCC_541\Debug\Defcon_Badge.a(Board_LED.o)
 .debug_abbrev  0x000008a2       0xaa .\CortexM0\ARM_GCC_541\Debug\Defcon_Badge.a(IR_LED.o)
 .debug_abbrev  0x0000094c       0xaa .\CortexM0\ARM_GCC_541\Debug\Defcon_Badge.a(SWL.o)
 .debug_abbrev  0x000009f6      0x16a .\CortexM0\ARM_GCC_541\Debug\Defcon_Badge.a(SWL_Int.o)
 .debug_abbrev  0x00000b60       0xaa .\CortexM0\ARM_GCC_541\Debug\Defcon_Badge.a(SWR.o)
 .debug_abbrev  0x00000c0a      0x16a .\CortexM0\ARM_GCC_541\Debug\Defcon_Badge.a(SWR_Int.o)
 .debug_abbrev  0x00000d74       0xaa .\CortexM0\ARM_GCC_541\Debug\Defcon_Badge.a(SWB.o)
 .debug_abbrev  0x00000e1e      0x16a .\CortexM0\ARM_GCC_541\Debug\Defcon_Badge.a(SWB_Int.o)
 .debug_abbrev  0x00000f88       0xaa .\CortexM0\ARM_GCC_541\Debug\Defcon_Badge.a(Left_LED_Green.o)
 .debug_abbrev  0x00001032       0xaa .\CortexM0\ARM_GCC_541\Debug\Defcon_Badge.a(Right_LED_Green.o)
 .debug_abbrev  0x000010dc      0x12e .\CortexM0\ARM_GCC_541\Debug\Defcon_Badge.a(PWM_Right_LED_Red.o)
 .debug_abbrev  0x0000120a      0x12e .\CortexM0\ARM_GCC_541\Debug\Defcon_Badge.a(PWM_Left_LED_Red.o)
 .debug_abbrev  0x00001338       0xaa .\CortexM0\ARM_GCC_541\Debug\Defcon_Badge.a(Left_LED_Blue.o)
 .debug_abbrev  0x000013e2       0xaa .\CortexM0\ARM_GCC_541\Debug\Defcon_Badge.a(Right_LED_Blue.o)
 .debug_abbrev  0x0000148c      0x1a7 .\CortexM0\ARM_GCC_541\Debug\Defcon_Badge.a(CyLib.o)
 .debug_abbrev  0x00001633       0xeb .\CortexM0\ARM_GCC_541\Debug\Defcon_Badge.a(cyPm.o)
 .debug_abbrev  0x0000171e      0x12e .\CortexM0\ARM_GCC_541\Debug\Defcon_Badge.a(PWM_Defcon.o)
 .debug_abbrev  0x0000184c      0x16a .\CortexM0\ARM_GCC_541\Debug\Defcon_Badge.a(DEFCON_Int.o)
 .debug_abbrev  0x000019b6       0x14 .\CortexM0\ARM_GCC_541\Debug\Defcon_Badge.a(CyBootAsmGnu.o)

.debug_line     0x00000000     0x225e
 *(.debug_line)
 .debug_line    0x00000000       0x74 .\CortexM0\ARM_GCC_541\Debug\main.o
 .debug_line    0x00000074      0x1d7 .\CortexM0\ARM_GCC_541\Debug\binary.o
 .debug_line    0x0000024b      0x16b .\CortexM0\ARM_GCC_541\Debug\lightlib.o
 .debug_line    0x000003b6      0x1a7 .\CortexM0\ARM_GCC_541\Debug\morse.o
 .debug_line    0x0000055d       0x5f .\CortexM0\ARM_GCC_541\Debug\state.o
 .debug_line    0x000005bc       0xd8 .\CortexM0\ARM_GCC_541\Debug\togglelib.o
 .debug_line    0x00000694      0x19c .\CortexM0\ARM_GCC_541\Debug\cyfitter_cfg.o
 .debug_line    0x00000830       0x53 .\CortexM0\ARM_GCC_541\Debug\cybootloader.o
 .debug_line    0x00000883      0x141 .\CortexM0\ARM_GCC_541\Debug\cymetadata.o
 .debug_line    0x000009c4      0x1d0 .\CortexM0\ARM_GCC_541\Debug\Cm0Start.o
 .debug_line    0x00000b94       0xc1 .\CortexM0\ARM_GCC_541\Debug\Defcon_Badge.a(Board_LED.o)
 .debug_line    0x00000c55       0xbe .\CortexM0\ARM_GCC_541\Debug\Defcon_Badge.a(IR_LED.o)
 .debug_line    0x00000d13       0xbb .\CortexM0\ARM_GCC_541\Debug\Defcon_Badge.a(SWL.o)
 .debug_line    0x00000dce      0x156 .\CortexM0\ARM_GCC_541\Debug\Defcon_Badge.a(SWL_Int.o)
 .debug_line    0x00000f24       0xbb .\CortexM0\ARM_GCC_541\Debug\Defcon_Badge.a(SWR.o)
 .debug_line    0x00000fdf      0x156 .\CortexM0\ARM_GCC_541\Debug\Defcon_Badge.a(SWR_Int.o)
 .debug_line    0x00001135       0xbb .\CortexM0\ARM_GCC_541\Debug\Defcon_Badge.a(SWB.o)
 .debug_line    0x000011f0      0x146 .\CortexM0\ARM_GCC_541\Debug\Defcon_Badge.a(SWB_Int.o)
 .debug_line    0x00001336       0xc6 .\CortexM0\ARM_GCC_541\Debug\Defcon_Badge.a(Left_LED_Green.o)
 .debug_line    0x000013fc       0xc7 .\CortexM0\ARM_GCC_541\Debug\Defcon_Badge.a(Right_LED_Green.o)
 .debug_line    0x000014c3      0x192 .\CortexM0\ARM_GCC_541\Debug\Defcon_Badge.a(PWM_Right_LED_Red.o)
 .debug_line    0x00001655      0x191 .\CortexM0\ARM_GCC_541\Debug\Defcon_Badge.a(PWM_Left_LED_Red.o)
 .debug_line    0x000017e6       0xc5 .\CortexM0\ARM_GCC_541\Debug\Defcon_Badge.a(Left_LED_Blue.o)
 .debug_line    0x000018ab       0xc6 .\CortexM0\ARM_GCC_541\Debug\Defcon_Badge.a(Right_LED_Blue.o)
 .debug_line    0x00001971      0x47a .\CortexM0\ARM_GCC_541\Debug\Defcon_Badge.a(CyLib.o)
 .debug_line    0x00001deb      0x123 .\CortexM0\ARM_GCC_541\Debug\Defcon_Badge.a(cyPm.o)
 .debug_line    0x00001f0e      0x18e .\CortexM0\ARM_GCC_541\Debug\Defcon_Badge.a(PWM_Defcon.o)
 .debug_line    0x0000209c      0x159 .\CortexM0\ARM_GCC_541\Debug\Defcon_Badge.a(DEFCON_Int.o)
 .debug_line    0x000021f5       0x69 .\CortexM0\ARM_GCC_541\Debug\Defcon_Badge.a(CyBootAsmGnu.o)

.debug_frame    0x00000000     0x2208
 *(.debug_frame)
 .debug_frame   0x00000000       0x2c .\CortexM0\ARM_GCC_541\Debug\main.o
 .debug_frame   0x0000002c       0x88 .\CortexM0\ARM_GCC_541\Debug\binary.o
 .debug_frame   0x000000b4      0x128 .\CortexM0\ARM_GCC_541\Debug\lightlib.o
 .debug_frame   0x000001dc       0xac .\CortexM0\ARM_GCC_541\Debug\morse.o
 .debug_frame   0x00000288       0x30 .\CortexM0\ARM_GCC_541\Debug\state.o
 .debug_frame   0x000002b8       0xb4 .\CortexM0\ARM_GCC_541\Debug\togglelib.o
 .debug_frame   0x0000036c       0xe8 .\CortexM0\ARM_GCC_541\Debug\cyfitter_cfg.o
 .debug_frame   0x00000454       0xc8 .\CortexM0\ARM_GCC_541\Debug\Cm0Start.o
 .debug_frame   0x0000051c       0xc8 .\CortexM0\ARM_GCC_541\Debug\Defcon_Badge.a(Board_LED.o)
 .debug_frame   0x000005e4       0xc8 .\CortexM0\ARM_GCC_541\Debug\Defcon_Badge.a(IR_LED.o)
 .debug_frame   0x000006ac       0xc8 .\CortexM0\ARM_GCC_541\Debug\Defcon_Badge.a(SWL.o)
 .debug_frame   0x00000774      0x190 .\CortexM0\ARM_GCC_541\Debug\Defcon_Badge.a(SWL_Int.o)
 .debug_frame   0x00000904       0xc8 .\CortexM0\ARM_GCC_541\Debug\Defcon_Badge.a(SWR.o)
 .debug_frame   0x000009cc      0x190 .\CortexM0\ARM_GCC_541\Debug\Defcon_Badge.a(SWR_Int.o)
 .debug_frame   0x00000b5c       0xc8 .\CortexM0\ARM_GCC_541\Debug\Defcon_Badge.a(SWB.o)
 .debug_frame   0x00000c24      0x190 .\CortexM0\ARM_GCC_541\Debug\Defcon_Badge.a(SWB_Int.o)
 .debug_frame   0x00000db4       0xc8 .\CortexM0\ARM_GCC_541\Debug\Defcon_Badge.a(Left_LED_Green.o)
 .debug_frame   0x00000e7c       0xc8 .\CortexM0\ARM_GCC_541\Debug\Defcon_Badge.a(Right_LED_Green.o)
 .debug_frame   0x00000f44      0x1f0 .\CortexM0\ARM_GCC_541\Debug\Defcon_Badge.a(PWM_Right_LED_Red.o)
 .debug_frame   0x00001134      0x1f0 .\CortexM0\ARM_GCC_541\Debug\Defcon_Badge.a(PWM_Left_LED_Red.o)
 .debug_frame   0x00001324       0xc8 .\CortexM0\ARM_GCC_541\Debug\Defcon_Badge.a(Left_LED_Blue.o)
 .debug_frame   0x000013ec       0xc8 .\CortexM0\ARM_GCC_541\Debug\Defcon_Badge.a(Right_LED_Blue.o)
 .debug_frame   0x000014b4      0x588 .\CortexM0\ARM_GCC_541\Debug\Defcon_Badge.a(CyLib.o)
 .debug_frame   0x00001a3c      0x124 .\CortexM0\ARM_GCC_541\Debug\Defcon_Badge.a(cyPm.o)
 .debug_frame   0x00001b60      0x1f0 .\CortexM0\ARM_GCC_541\Debug\Defcon_Badge.a(PWM_Defcon.o)
 .debug_frame   0x00001d50      0x190 .\CortexM0\ARM_GCC_541\Debug\Defcon_Badge.a(DEFCON_Int.o)
 .debug_frame   0x00001ee0       0x20 c:/program files (x86)/cypress/psoc creator/4.1/psoc creator/import/gnu/arm/5.4.1/bin/../lib/gcc/arm-none-eabi/5.4.1/armv6-m\libgcc.a(_udivsi3.o)
 .debug_frame   0x00001f00       0x20 c:/program files (x86)/cypress/psoc creator/4.1/psoc creator/import/gnu/arm/5.4.1/bin/../lib/gcc/arm-none-eabi/5.4.1/armv6-m\libgcc.a(_divsi3.o)
 .debug_frame   0x00001f20       0x20 c:/program files (x86)/cypress/psoc creator/4.1/psoc creator/import/gnu/arm/5.4.1/bin/../lib/gcc/arm-none-eabi/5.4.1/../../../../arm-none-eabi/lib/armv6-m\libg_nano.a(lib_a-errno.o)
 .debug_frame   0x00001f40       0x28 c:/program files (x86)/cypress/psoc creator/4.1/psoc creator/import/gnu/arm/5.4.1/bin/../lib/gcc/arm-none-eabi/5.4.1/../../../../arm-none-eabi/lib/armv6-m\libg_nano.a(lib_a-exit.o)
 .debug_frame   0x00001f68       0x2c c:/program files (x86)/cypress/psoc creator/4.1/psoc creator/import/gnu/arm/5.4.1/bin/../lib/gcc/arm-none-eabi/5.4.1/../../../../arm-none-eabi/lib/armv6-m\libg_nano.a(lib_a-init.o)
 .debug_frame   0x00001f94       0x28 c:/program files (x86)/cypress/psoc creator/4.1/psoc creator/import/gnu/arm/5.4.1/bin/../lib/gcc/arm-none-eabi/5.4.1/../../../../arm-none-eabi/lib/armv6-m\libg_nano.a(lib_a-memcpy-stub.o)
 .debug_frame   0x00001fbc       0x20 c:/program files (x86)/cypress/psoc creator/4.1/psoc creator/import/gnu/arm/5.4.1/bin/../lib/gcc/arm-none-eabi/5.4.1/../../../../arm-none-eabi/lib/armv6-m\libg_nano.a(lib_a-memset.o)
 .debug_frame   0x00001fdc       0x44 c:/program files (x86)/cypress/psoc creator/4.1/psoc creator/import/gnu/arm/5.4.1/bin/../lib/gcc/arm-none-eabi/5.4.1/../../../../arm-none-eabi/lib/armv6-m\libg_nano.a(lib_a-rand.o)
 .debug_frame   0x00002020       0x2c c:/program files (x86)/cypress/psoc creator/4.1/psoc creator/import/gnu/arm/5.4.1/bin/../lib/gcc/arm-none-eabi/5.4.1/../../../../arm-none-eabi/lib/armv6-m\libg_nano.a(lib_a-time.o)
 .debug_frame   0x0000204c       0x2c c:/program files (x86)/cypress/psoc creator/4.1/psoc creator/import/gnu/arm/5.4.1/bin/../lib/gcc/arm-none-eabi/5.4.1/../../../../arm-none-eabi/lib/armv6-m\libg_nano.a(lib_a-gettimeofdayr.o)
 .debug_frame   0x00002078       0x40 c:/program files (x86)/cypress/psoc creator/4.1/psoc creator/import/gnu/arm/5.4.1/bin/../lib/gcc/arm-none-eabi/5.4.1/../../../../arm-none-eabi/lib/armv6-m\libg_nano.a(lib_a-malloc.o)
 .debug_frame   0x000020b8       0x2c c:/program files (x86)/cypress/psoc creator/4.1/psoc creator/import/gnu/arm/5.4.1/bin/../lib/gcc/arm-none-eabi/5.4.1/../../../../arm-none-eabi/lib/armv6-m\libg_nano.a(lib_a-nano-freer.o)
 .debug_frame   0x000020e4       0x2c c:/program files (x86)/cypress/psoc creator/4.1/psoc creator/import/gnu/arm/5.4.1/bin/../lib/gcc/arm-none-eabi/5.4.1/../../../../arm-none-eabi/lib/armv6-m\libg_nano.a(lib_a-nano-mallocr.o)
 .debug_frame   0x00002110       0x48 c:/program files (x86)/cypress/psoc creator/4.1/psoc creator/import/gnu/arm/5.4.1/bin/../lib/gcc/arm-none-eabi/5.4.1/../../../../arm-none-eabi/lib/armv6-m\libg_nano.a(lib_a-reent.o)
 .debug_frame   0x00002158       0x2c c:/program files (x86)/cypress/psoc creator/4.1/psoc creator/import/gnu/arm/5.4.1/bin/../lib/gcc/arm-none-eabi/5.4.1/../../../../arm-none-eabi/lib/armv6-m\libg_nano.a(lib_a-sbrkr.o)
 .debug_frame   0x00002184       0x30 c:/program files (x86)/cypress/psoc creator/4.1/psoc creator/import/gnu/arm/5.4.1/bin/../lib/gcc/arm-none-eabi/5.4.1/../../../../arm-none-eabi/lib/armv6-m\libg_nano.a(lib_a-mlock.o)
 .debug_frame   0x000021b4       0x34 c:/program files (x86)/cypress/psoc creator/4.1/psoc creator/import/gnu/arm/5.4.1/bin/../lib/gcc/arm-none-eabi/5.4.1/armv6-m\libgcc.a(_muldi3.o)
 .debug_frame   0x000021e8       0x20 c:/program files (x86)/cypress/psoc creator/4.1/psoc creator/import/gnu/arm/5.4.1/bin/../lib/gcc/arm-none-eabi/5.4.1/../../../../arm-none-eabi/lib/armv6-m\libnosys.a(gettod.o)

.debug_str      0x00000000     0x1c88
 *(.debug_str)
 .debug_str     0x00000000      0x15c .\CortexM0\ARM_GCC_541\Debug\main.o
                                0x19c (size before relaxing)
 .debug_str     0x0000015c       0x3b .\CortexM0\ARM_GCC_541\Debug\binary.o
                                0x1c1 (size before relaxing)
 .debug_str     0x00000197       0xc3 .\CortexM0\ARM_GCC_541\Debug\lightlib.o
                                0x25e (size before relaxing)
 .debug_str     0x0000025a       0x44 .\CortexM0\ARM_GCC_541\Debug\morse.o
                                0x1d9 (size before relaxing)
 .debug_str     0x0000029e       0x15 .\CortexM0\ARM_GCC_541\Debug\state.o
                                0x1ab (size before relaxing)
 .debug_str     0x000002b3       0xbc .\CortexM0\ARM_GCC_541\Debug\togglelib.o
                                0x24c (size before relaxing)
 .debug_str     0x0000036f      0x115 .\CortexM0\ARM_GCC_541\Debug\cyfitter_cfg.o
                                0x2c3 (size before relaxing)
 .debug_str     0x00000484       0x78 .\CortexM0\ARM_GCC_541\Debug\cybootloader.o
                                0x1f0 (size before relaxing)
 .debug_str     0x000004fc       0x3f .\CortexM0\ARM_GCC_541\Debug\cymetadata.o
                                0x1a7 (size before relaxing)
 .debug_str     0x0000053b      0x128 .\CortexM0\ARM_GCC_541\Debug\Cm0Start.o
                                0x2e0 (size before relaxing)
 .debug_str     0x00000663       0xcc .\CortexM0\ARM_GCC_541\Debug\Defcon_Badge.a(Board_LED.o)
                                0x255 (size before relaxing)
 .debug_str     0x0000072f       0x8e .\CortexM0\ARM_GCC_541\Debug\Defcon_Badge.a(IR_LED.o)
                                0x240 (size before relaxing)
 .debug_str     0x000007bd       0x79 .\CortexM0\ARM_GCC_541\Debug\Defcon_Badge.a(SWL.o)
                                0x22b (size before relaxing)
 .debug_str     0x00000836      0x11a .\CortexM0\ARM_GCC_541\Debug\Defcon_Badge.a(SWL_Int.o)
                                0x2dc (size before relaxing)
 .debug_str     0x00000950       0x79 .\CortexM0\ARM_GCC_541\Debug\Defcon_Badge.a(SWR.o)
                                0x22b (size before relaxing)
 .debug_str     0x000009c9      0x102 .\CortexM0\ARM_GCC_541\Debug\Defcon_Badge.a(SWR_Int.o)
                                0x2dc (size before relaxing)
 .debug_str     0x00000acb       0x79 .\CortexM0\ARM_GCC_541\Debug\Defcon_Badge.a(SWB.o)
                                0x22b (size before relaxing)
 .debug_str     0x00000b44      0x102 .\CortexM0\ARM_GCC_541\Debug\Defcon_Badge.a(SWB_Int.o)
                                0x2dc (size before relaxing)
 .debug_str     0x00000c46       0xc6 .\CortexM0\ARM_GCC_541\Debug\Defcon_Badge.a(Left_LED_Green.o)
                                0x278 (size before relaxing)
 .debug_str     0x00000d0c       0xcd .\CortexM0\ARM_GCC_541\Debug\Defcon_Badge.a(Right_LED_Green.o)
                                0x27f (size before relaxing)
 .debug_str     0x00000dd9      0x282 .\CortexM0\ARM_GCC_541\Debug\Defcon_Badge.a(PWM_Right_LED_Red.o)
                                0x40b (size before relaxing)
 .debug_str     0x0000105b      0x236 .\CortexM0\ARM_GCC_541\Debug\Defcon_Badge.a(PWM_Left_LED_Red.o)
                                0x3f8 (size before relaxing)
 .debug_str     0x00001291       0xbf .\CortexM0\ARM_GCC_541\Debug\Defcon_Badge.a(Left_LED_Blue.o)
                                0x271 (size before relaxing)
 .debug_str     0x00001350       0xc6 .\CortexM0\ARM_GCC_541\Debug\Defcon_Badge.a(Right_LED_Blue.o)
                                0x278 (size before relaxing)
 .debug_str     0x00001416      0x4bc .\CortexM0\ARM_GCC_541\Debug\Defcon_Badge.a(CyLib.o)
                                0x68c (size before relaxing)
 .debug_str     0x000018d2       0xc6 .\CortexM0\ARM_GCC_541\Debug\Defcon_Badge.a(cyPm.o)
                                0x274 (size before relaxing)
 .debug_str     0x00001998      0x1c4 .\CortexM0\ARM_GCC_541\Debug\Defcon_Badge.a(PWM_Defcon.o)
                                0x393 (size before relaxing)
 .debug_str     0x00001b5c      0x12c .\CortexM0\ARM_GCC_541\Debug\Defcon_Badge.a(DEFCON_Int.o)
                                0x306 (size before relaxing)

.debug_loc
 *(.debug_loc)

.debug_macinfo
 *(.debug_macinfo)

.debug_ranges   0x00000000      0x878
 *(.debug_ranges)
 .debug_ranges  0x00000000       0x10 .\CortexM0\ARM_GCC_541\Debug\main.o
 .debug_ranges  0x00000010       0x28 .\CortexM0\ARM_GCC_541\Debug\binary.o
 .debug_ranges  0x00000038       0x50 .\CortexM0\ARM_GCC_541\Debug\lightlib.o
 .debug_ranges  0x00000088       0x30 .\CortexM0\ARM_GCC_541\Debug\morse.o
 .debug_ranges  0x000000b8       0x10 .\CortexM0\ARM_GCC_541\Debug\state.o
 .debug_ranges  0x000000c8       0x30 .\CortexM0\ARM_GCC_541\Debug\togglelib.o
 .debug_ranges  0x000000f8       0x40 .\CortexM0\ARM_GCC_541\Debug\cyfitter_cfg.o
 .debug_ranges  0x00000138       0x38 .\CortexM0\ARM_GCC_541\Debug\Cm0Start.o
 .debug_ranges  0x00000170       0x38 .\CortexM0\ARM_GCC_541\Debug\Defcon_Badge.a(Board_LED.o)
 .debug_ranges  0x000001a8       0x38 .\CortexM0\ARM_GCC_541\Debug\Defcon_Badge.a(IR_LED.o)
 .debug_ranges  0x000001e0       0x38 .\CortexM0\ARM_GCC_541\Debug\Defcon_Badge.a(SWL.o)
 .debug_ranges  0x00000218       0x70 .\CortexM0\ARM_GCC_541\Debug\Defcon_Badge.a(SWL_Int.o)
 .debug_ranges  0x00000288       0x38 .\CortexM0\ARM_GCC_541\Debug\Defcon_Badge.a(SWR.o)
 .debug_ranges  0x000002c0       0x70 .\CortexM0\ARM_GCC_541\Debug\Defcon_Badge.a(SWR_Int.o)
 .debug_ranges  0x00000330       0x38 .\CortexM0\ARM_GCC_541\Debug\Defcon_Badge.a(SWB.o)
 .debug_ranges  0x00000368       0x70 .\CortexM0\ARM_GCC_541\Debug\Defcon_Badge.a(SWB_Int.o)
 .debug_ranges  0x000003d8       0x38 .\CortexM0\ARM_GCC_541\Debug\Defcon_Badge.a(Left_LED_Green.o)
 .debug_ranges  0x00000410       0x38 .\CortexM0\ARM_GCC_541\Debug\Defcon_Badge.a(Right_LED_Green.o)
 .debug_ranges  0x00000448       0x88 .\CortexM0\ARM_GCC_541\Debug\Defcon_Badge.a(PWM_Right_LED_Red.o)
 .debug_ranges  0x000004d0       0x88 .\CortexM0\ARM_GCC_541\Debug\Defcon_Badge.a(PWM_Left_LED_Red.o)
 .debug_ranges  0x00000558       0x38 .\CortexM0\ARM_GCC_541\Debug\Defcon_Badge.a(Left_LED_Blue.o)
 .debug_ranges  0x00000590       0x38 .\CortexM0\ARM_GCC_541\Debug\Defcon_Badge.a(Right_LED_Blue.o)
 .debug_ranges  0x000005c8      0x170 .\CortexM0\ARM_GCC_541\Debug\Defcon_Badge.a(CyLib.o)
 .debug_ranges  0x00000738       0x48 .\CortexM0\ARM_GCC_541\Debug\Defcon_Badge.a(cyPm.o)
 .debug_ranges  0x00000780       0x88 .\CortexM0\ARM_GCC_541\Debug\Defcon_Badge.a(PWM_Defcon.o)
 .debug_ranges  0x00000808       0x70 .\CortexM0\ARM_GCC_541\Debug\Defcon_Badge.a(DEFCON_Int.o)

.comment        0x00000000       0x6e
 .comment       0x00000000       0x6e .\CortexM0\ARM_GCC_541\Debug\main.o
                                 0x6f (size before relaxing)
 .comment       0x0000006e       0x6f .\CortexM0\ARM_GCC_541\Debug\binary.o
 .comment       0x0000006e       0x6f .\CortexM0\ARM_GCC_541\Debug\lightlib.o
 .comment       0x0000006e       0x6f .\CortexM0\ARM_GCC_541\Debug\morse.o
 .comment       0x0000006e       0x6f .\CortexM0\ARM_GCC_541\Debug\state.o
 .comment       0x0000006e       0x6f .\CortexM0\ARM_GCC_541\Debug\togglelib.o
 .comment       0x0000006e       0x6f .\CortexM0\ARM_GCC_541\Debug\cyfitter_cfg.o
 .comment       0x0000006e       0x6f .\CortexM0\ARM_GCC_541\Debug\cybootloader.o
 .comment       0x0000006e       0x6f .\CortexM0\ARM_GCC_541\Debug\cymetadata.o
 .comment       0x0000006e       0x6f .\CortexM0\ARM_GCC_541\Debug\Cm0Start.o
 .comment       0x0000006e       0x6f .\CortexM0\ARM_GCC_541\Debug\Defcon_Badge.a(Board_LED.o)
 .comment       0x0000006e       0x6f .\CortexM0\ARM_GCC_541\Debug\Defcon_Badge.a(IR_LED.o)
 .comment       0x0000006e       0x6f .\CortexM0\ARM_GCC_541\Debug\Defcon_Badge.a(SWL.o)
 .comment       0x0000006e       0x6f .\CortexM0\ARM_GCC_541\Debug\Defcon_Badge.a(SWL_Int.o)
 .comment       0x0000006e       0x6f .\CortexM0\ARM_GCC_541\Debug\Defcon_Badge.a(SWR.o)
 .comment       0x0000006e       0x6f .\CortexM0\ARM_GCC_541\Debug\Defcon_Badge.a(SWR_Int.o)
 .comment       0x0000006e       0x6f .\CortexM0\ARM_GCC_541\Debug\Defcon_Badge.a(SWB.o)
 .comment       0x0000006e       0x6f .\CortexM0\ARM_GCC_541\Debug\Defcon_Badge.a(SWB_Int.o)
 .comment       0x0000006e       0x6f .\CortexM0\ARM_GCC_541\Debug\Defcon_Badge.a(Left_LED_Green.o)
 .comment       0x0000006e       0x6f .\CortexM0\ARM_GCC_541\Debug\Defcon_Badge.a(Right_LED_Green.o)
 .comment       0x0000006e       0x6f .\CortexM0\ARM_GCC_541\Debug\Defcon_Badge.a(PWM_Right_LED_Red.o)
 .comment       0x0000006e       0x6f .\CortexM0\ARM_GCC_541\Debug\Defcon_Badge.a(PWM_Left_LED_Red.o)
 .comment       0x0000006e       0x6f .\CortexM0\ARM_GCC_541\Debug\Defcon_Badge.a(Left_LED_Blue.o)
 .comment       0x0000006e       0x6f .\CortexM0\ARM_GCC_541\Debug\Defcon_Badge.a(Right_LED_Blue.o)
 .comment       0x0000006e       0x6f .\CortexM0\ARM_GCC_541\Debug\Defcon_Badge.a(CyLib.o)
 .comment       0x0000006e       0x6f .\CortexM0\ARM_GCC_541\Debug\Defcon_Badge.a(cyPm.o)
 .comment       0x0000006e       0x6f .\CortexM0\ARM_GCC_541\Debug\Defcon_Badge.a(PWM_Defcon.o)
 .comment       0x0000006e       0x6f .\CortexM0\ARM_GCC_541\Debug\Defcon_Badge.a(DEFCON_Int.o)

.debug_weaknames
 *(.debug_weaknames)

.debug_funcnames
 *(.debug_funcnames)

.debug_typenames
 *(.debug_typenames)

.debug_varnames
 *(.debug_varnames)

.note.gnu.arm.ident
 *(.note.gnu.arm.ident)

.ARM.attributes
                0x00000000       0x28
 *(.ARM.attributes)
 .ARM.attributes
                0x00000000       0x1e c:/program files (x86)/cypress/psoc creator/4.1/psoc creator/import/gnu/arm/5.4.1/bin/../lib/gcc/arm-none-eabi/5.4.1/armv6-m/crti.o
 .ARM.attributes
                0x0000001e       0x2c c:/program files (x86)/cypress/psoc creator/4.1/psoc creator/import/gnu/arm/5.4.1/bin/../lib/gcc/arm-none-eabi/5.4.1/armv6-m/crtbegin.o
 .ARM.attributes
                0x0000004a       0x1b c:/program files (x86)/cypress/psoc creator/4.1/psoc creator/import/gnu/arm/5.4.1/bin/../lib/gcc/arm-none-eabi/5.4.1/../../../../arm-none-eabi/lib/armv6-m/crt0.o
 .ARM.attributes
                0x00000065       0x31 .\CortexM0\ARM_GCC_541\Debug\main.o
 .ARM.attributes
                0x00000096       0x31 .\CortexM0\ARM_GCC_541\Debug\binary.o
 .ARM.attributes
                0x000000c7       0x31 .\CortexM0\ARM_GCC_541\Debug\lightlib.o
 .ARM.attributes
                0x000000f8       0x31 .\CortexM0\ARM_GCC_541\Debug\morse.o
 .ARM.attributes
                0x00000129       0x31 .\CortexM0\ARM_GCC_541\Debug\state.o
 .ARM.attributes
                0x0000015a       0x31 .\CortexM0\ARM_GCC_541\Debug\togglelib.o
 .ARM.attributes
                0x0000018b       0x31 .\CortexM0\ARM_GCC_541\Debug\cyfitter_cfg.o
 .ARM.attributes
                0x000001bc       0x31 .\CortexM0\ARM_GCC_541\Debug\cybootloader.o
 .ARM.attributes
                0x000001ed       0x31 .\CortexM0\ARM_GCC_541\Debug\cymetadata.o
 .ARM.attributes
                0x0000021e       0x31 .\CortexM0\ARM_GCC_541\Debug\Cm0Start.o
 .ARM.attributes
                0x0000024f       0x31 .\CortexM0\ARM_GCC_541\Debug\Defcon_Badge.a(Board_LED.o)
 .ARM.attributes
                0x00000280       0x31 .\CortexM0\ARM_GCC_541\Debug\Defcon_Badge.a(IR_LED.o)
 .ARM.attributes
                0x000002b1       0x31 .\CortexM0\ARM_GCC_541\Debug\Defcon_Badge.a(SWL.o)
 .ARM.attributes
                0x000002e2       0x31 .\CortexM0\ARM_GCC_541\Debug\Defcon_Badge.a(SWL_Int.o)
 .ARM.attributes
                0x00000313       0x31 .\CortexM0\ARM_GCC_541\Debug\Defcon_Badge.a(SWR.o)
 .ARM.attributes
                0x00000344       0x31 .\CortexM0\ARM_GCC_541\Debug\Defcon_Badge.a(SWR_Int.o)
 .ARM.attributes
                0x00000375       0x31 .\CortexM0\ARM_GCC_541\Debug\Defcon_Badge.a(SWB.o)
 .ARM.attributes
                0x000003a6       0x31 .\CortexM0\ARM_GCC_541\Debug\Defcon_Badge.a(SWB_Int.o)
 .ARM.attributes
                0x000003d7       0x31 .\CortexM0\ARM_GCC_541\Debug\Defcon_Badge.a(Left_LED_Green.o)
 .ARM.attributes
                0x00000408       0x31 .\CortexM0\ARM_GCC_541\Debug\Defcon_Badge.a(Right_LED_Green.o)
 .ARM.attributes
                0x00000439       0x31 .\CortexM0\ARM_GCC_541\Debug\Defcon_Badge.a(PWM_Right_LED_Red.o)
 .ARM.attributes
                0x0000046a       0x31 .\CortexM0\ARM_GCC_541\Debug\Defcon_Badge.a(PWM_Left_LED_Red.o)
 .ARM.attributes
                0x0000049b       0x31 .\CortexM0\ARM_GCC_541\Debug\Defcon_Badge.a(Left_LED_Blue.o)
 .ARM.attributes
                0x000004cc       0x31 .\CortexM0\ARM_GCC_541\Debug\Defcon_Badge.a(Right_LED_Blue.o)
 .ARM.attributes
                0x000004fd       0x31 .\CortexM0\ARM_GCC_541\Debug\Defcon_Badge.a(CyLib.o)
 .ARM.attributes
                0x0000052e       0x31 .\CortexM0\ARM_GCC_541\Debug\Defcon_Badge.a(cyPm.o)
 .ARM.attributes
                0x0000055f       0x31 .\CortexM0\ARM_GCC_541\Debug\Defcon_Badge.a(PWM_Defcon.o)
 .ARM.attributes
                0x00000590       0x31 .\CortexM0\ARM_GCC_541\Debug\Defcon_Badge.a(DEFCON_Int.o)
 .ARM.attributes
                0x000005c1       0x21 .\CortexM0\ARM_GCC_541\Debug\Defcon_Badge.a(CyBootAsmGnu.o)
 .ARM.attributes
                0x000005e2       0x1e c:/program files (x86)/cypress/psoc creator/4.1/psoc creator/import/gnu/arm/5.4.1/bin/../lib/gcc/arm-none-eabi/5.4.1/armv6-m\libgcc.a(_udivsi3.o)
 .ARM.attributes
                0x00000600       0x1e c:/program files (x86)/cypress/psoc creator/4.1/psoc creator/import/gnu/arm/5.4.1/bin/../lib/gcc/arm-none-eabi/5.4.1/armv6-m\libgcc.a(_divsi3.o)
 .ARM.attributes
                0x0000061e       0x1e c:/program files (x86)/cypress/psoc creator/4.1/psoc creator/import/gnu/arm/5.4.1/bin/../lib/gcc/arm-none-eabi/5.4.1/armv6-m\libgcc.a(_dvmd_tls.o)
 .ARM.attributes
                0x0000063c       0x2c c:/program files (x86)/cypress/psoc creator/4.1/psoc creator/import/gnu/arm/5.4.1/bin/../lib/gcc/arm-none-eabi/5.4.1/../../../../arm-none-eabi/lib/armv6-m\libg_nano.a(lib_a-errno.o)
 .ARM.attributes
                0x00000668       0x2c c:/program files (x86)/cypress/psoc creator/4.1/psoc creator/import/gnu/arm/5.4.1/bin/../lib/gcc/arm-none-eabi/5.4.1/../../../../arm-none-eabi/lib/armv6-m\libg_nano.a(lib_a-exit.o)
 .ARM.attributes
                0x00000694       0x2c c:/program files (x86)/cypress/psoc creator/4.1/psoc creator/import/gnu/arm/5.4.1/bin/../lib/gcc/arm-none-eabi/5.4.1/../../../../arm-none-eabi/lib/armv6-m\libg_nano.a(lib_a-impure.o)
 .ARM.attributes
                0x000006c0       0x2c c:/program files (x86)/cypress/psoc creator/4.1/psoc creator/import/gnu/arm/5.4.1/bin/../lib/gcc/arm-none-eabi/5.4.1/../../../../arm-none-eabi/lib/armv6-m\libg_nano.a(lib_a-init.o)
 .ARM.attributes
                0x000006ec       0x2c c:/program files (x86)/cypress/psoc creator/4.1/psoc creator/import/gnu/arm/5.4.1/bin/../lib/gcc/arm-none-eabi/5.4.1/../../../../arm-none-eabi/lib/armv6-m\libg_nano.a(lib_a-memcpy-stub.o)
 .ARM.attributes
                0x00000718       0x2c c:/program files (x86)/cypress/psoc creator/4.1/psoc creator/import/gnu/arm/5.4.1/bin/../lib/gcc/arm-none-eabi/5.4.1/../../../../arm-none-eabi/lib/armv6-m\libg_nano.a(lib_a-memset.o)
 .ARM.attributes
                0x00000744       0x2c c:/program files (x86)/cypress/psoc creator/4.1/psoc creator/import/gnu/arm/5.4.1/bin/../lib/gcc/arm-none-eabi/5.4.1/../../../../arm-none-eabi/lib/armv6-m\libg_nano.a(lib_a-rand.o)
 .ARM.attributes
                0x00000770       0x1c c:/program files (x86)/cypress/psoc creator/4.1/psoc creator/import/gnu/arm/5.4.1/bin/../lib/gcc/arm-none-eabi/5.4.1/../../../../arm-none-eabi/lib/armv6-m\libg_nano.a(lib_a-strlen.o)
 .ARM.attributes
                0x0000078c       0x2c c:/program files (x86)/cypress/psoc creator/4.1/psoc creator/import/gnu/arm/5.4.1/bin/../lib/gcc/arm-none-eabi/5.4.1/../../../../arm-none-eabi/lib/armv6-m\libg_nano.a(lib_a-time.o)
 .ARM.attributes
                0x000007b8       0x2c c:/program files (x86)/cypress/psoc creator/4.1/psoc creator/import/gnu/arm/5.4.1/bin/../lib/gcc/arm-none-eabi/5.4.1/../../../../arm-none-eabi/lib/armv6-m\libg_nano.a(lib_a-gettimeofdayr.o)
 .ARM.attributes
                0x000007e4       0x2c c:/program files (x86)/cypress/psoc creator/4.1/psoc creator/import/gnu/arm/5.4.1/bin/../lib/gcc/arm-none-eabi/5.4.1/../../../../arm-none-eabi/lib/armv6-m\libg_nano.a(lib_a-malloc.o)
 .ARM.attributes
                0x00000810       0x2c c:/program files (x86)/cypress/psoc creator/4.1/psoc creator/import/gnu/arm/5.4.1/bin/../lib/gcc/arm-none-eabi/5.4.1/../../../../arm-none-eabi/lib/armv6-m\libg_nano.a(lib_a-nano-freer.o)
 .ARM.attributes
                0x0000083c       0x2c c:/program files (x86)/cypress/psoc creator/4.1/psoc creator/import/gnu/arm/5.4.1/bin/../lib/gcc/arm-none-eabi/5.4.1/../../../../arm-none-eabi/lib/armv6-m\libg_nano.a(lib_a-nano-mallocr.o)
 .ARM.attributes
                0x00000868       0x2c c:/program files (x86)/cypress/psoc creator/4.1/psoc creator/import/gnu/arm/5.4.1/bin/../lib/gcc/arm-none-eabi/5.4.1/../../../../arm-none-eabi/lib/armv6-m\libg_nano.a(lib_a-reent.o)
 .ARM.attributes
                0x00000894       0x2c c:/program files (x86)/cypress/psoc creator/4.1/psoc creator/import/gnu/arm/5.4.1/bin/../lib/gcc/arm-none-eabi/5.4.1/../../../../arm-none-eabi/lib/armv6-m\libg_nano.a(lib_a-sbrkr.o)
 .ARM.attributes
                0x000008c0       0x2c c:/program files (x86)/cypress/psoc creator/4.1/psoc creator/import/gnu/arm/5.4.1/bin/../lib/gcc/arm-none-eabi/5.4.1/../../../../arm-none-eabi/lib/armv6-m\libg_nano.a(lib_a-mlock.o)
 .ARM.attributes
                0x000008ec       0x2c c:/program files (x86)/cypress/psoc creator/4.1/psoc creator/import/gnu/arm/5.4.1/bin/../lib/gcc/arm-none-eabi/5.4.1/armv6-m\libgcc.a(_muldi3.o)
 .ARM.attributes
                0x00000918       0x2c c:/program files (x86)/cypress/psoc creator/4.1/psoc creator/import/gnu/arm/5.4.1/bin/../lib/gcc/arm-none-eabi/5.4.1/armv6-m/crtend.o
 .ARM.attributes
                0x00000944       0x1e c:/program files (x86)/cypress/psoc creator/4.1/psoc creator/import/gnu/arm/5.4.1/bin/../lib/gcc/arm-none-eabi/5.4.1/armv6-m/crtn.o
 .ARM.attributes
                0x00000962       0x2c c:/program files (x86)/cypress/psoc creator/4.1/psoc creator/import/gnu/arm/5.4.1/bin/../lib/gcc/arm-none-eabi/5.4.1/../../../../arm-none-eabi/lib/armv6-m\libnosys.a(gettod.o)

/DISCARD/
 *(.note.GNU-stack)
OUTPUT(C:\Users\ryan\Documents\PSoC Creator\Defcon_Badge\Defcon_Badge.cydsn\CortexM0\ARM_GCC_541\Debug\Defcon_Badge.elf elf32-littlearm)
